 simulink_SetTargetPioneerVelocity_sfun

 Timestamp is 55ad004a (Mon Jul 20 16:06:02 2015)

 Preferred load address is 0000000180000000

 Start         Length     Name                   Class
 0001:00000000 0000e38eH .text                   CODE
 0001:0000e390 0000007bH .text$x                 CODE
 0002:00000000 000003f0H .idata$5                DATA
 0002:000003f0 00000008H .CRT$XCA                DATA
 0002:000003f8 00000008H .CRT$XCZ                DATA
 0002:00000400 00000008H .CRT$XIA                DATA
 0002:00000408 00000008H .CRT$XIAA               DATA
 0002:00000410 00000008H .CRT$XIC                DATA
 0002:00000418 00000008H .CRT$XIZ                DATA
 0002:00000420 00000740H .rdata                  DATA
 0002:00000b60 00000008H .rtc$IAA                DATA
 0002:00000b68 00000008H .rtc$IZZ                DATA
 0002:00000b70 00000008H .rtc$TAA                DATA
 0002:00000b78 00000008H .rtc$TZZ                DATA
 0002:00000b80 000007d8H .xdata                  DATA
 0002:00001358 00000078H .idata$2                DATA
 0002:000013d0 00000014H .idata$3                DATA
 0002:000013e8 000003f0H .idata$4                DATA
 0002:000017d8 00000adeH .idata$6                DATA
 0002:000022c0 0000006cH .edata                  DATA
 0003:00000000 00001b94H .data                   DATA
 0003:00001ba0 000006b8H .bss                    DATA
 0004:00000000 00000978H .pdata                  DATA

  Address         Publics by Value              Rva+Base               Lib:Object

 0000:00000000       ___safe_se_handler_table   0000000000000000     <absolute>
 0000:00000000       ___safe_se_handler_count   0000000000000000     <absolute>
 0000:00000000       __ImageBase                0000000180000000     <linker-defined>
 0001:00000000       simulink_SetTargetPioneerVelocity_initializer 0000000180001000 f   simulink_SetTargetPioneerVelocity_sfun.obj
 0001:00000010       simulink_SetTargetPioneerVelocity_terminator 0000000180001010 f   simulink_SetTargetPioneerVelocity_sfun.obj
 0001:00000020       load_simulink_SetTargetPioneerVelocity_optimization_info 0000000180001020 f   simulink_SetTargetPioneerVelocity_sfun.obj
 0001:00000070       unload_simulink_SetTargetPioneerVelocity_optimization_info 0000000180001070 f   simulink_SetTargetPioneerVelocity_sfun.obj
 0001:000000a0       sf_simulink_SetTargetPioneerVelocity_method_dispatcher 00000001800010a0 f   simulink_SetTargetPioneerVelocity_sfun.obj
 0001:00000110       sf_simulink_SetTargetPioneerVelocity_process_check_sum_call 0000000180001110 f   simulink_SetTargetPioneerVelocity_sfun.obj
 0001:000007b0       sf_simulink_SetTargetPioneerVelocity_autoinheritance_info 00000001800017b0 f   simulink_SetTargetPioneerVelocity_sfun.obj
 0001:000009f0       sf_simulink_SetTargetPioneerVelocity_get_eml_resolved_functions_info 00000001800019f0 f   simulink_SetTargetPioneerVelocity_sfun.obj
 0001:00000ba0       sf_simulink_SetTargetPioneerVelocity_third_party_uses_info 0000000180001ba0 f   simulink_SetTargetPioneerVelocity_sfun.obj
 0001:00000da0       sf_simulink_SetTargetPioneerVelocity_updateBuildInfo_args_info 0000000180001da0 f   simulink_SetTargetPioneerVelocity_sfun.obj
 0001:00000fa0       simulink_SetTargetPioneerVelocity_debug_initialize 0000000180001fa0 f   simulink_SetTargetPioneerVelocity_sfun.obj
 0001:00001020       simulink_SetTargetPioneerVelocity_register_exported_symbols 0000000180002020 f   simulink_SetTargetPioneerVelocity_sfun.obj
 0001:00001030       sf_c1_simulink_SetTargetPioneerVelocity_get_eml_resolved_functions_info 0000000180002030 f   c1_simulink_SetTargetPioneerVelocity.obj
 0001:000010b0       sf_c1_simulink_SetTargetPioneerVelocity_get_check_sum 00000001800020b0 f   c1_simulink_SetTargetPioneerVelocity.obj
 0001:00001180       c1_simulink_SetTargetPioneerVelocity_method_dispatcher 0000000180002180 f   c1_simulink_SetTargetPioneerVelocity.obj
 0001:00002d60       sf_c1_simulink_SetTargetPioneerVelocity_get_autoinheritance_info 0000000180003d60 f   c1_simulink_SetTargetPioneerVelocity.obj
 0001:00003140       sf_c1_simulink_SetTargetPioneerVelocity_third_party_uses_info 0000000180004140 f   c1_simulink_SetTargetPioneerVelocity.obj
 0001:00003170       sf_c1_simulink_SetTargetPioneerVelocity_updateBuildInfo_args_info 0000000180004170 f   c1_simulink_SetTargetPioneerVelocity.obj
 0001:00003ac0       sf_internal_get_sim_state_c1_simulink_SetTargetPioneerVelocity 0000000180004ac0 f   c1_simulink_SetTargetPioneerVelocity.obj
 0001:00003c20       sf_internal_set_sim_state_c1_simulink_SetTargetPioneerVelocity 0000000180004c20 f   c1_simulink_SetTargetPioneerVelocity.obj
 0001:00004630       sf_c2_simulink_SetTargetPioneerVelocity_get_eml_resolved_functions_info 0000000180005630 f   c2_simulink_SetTargetPioneerVelocity.obj
 0001:000046b0       sf_c2_simulink_SetTargetPioneerVelocity_get_check_sum 00000001800056b0 f   c2_simulink_SetTargetPioneerVelocity.obj
 0001:00004780       c2_simulink_SetTargetPioneerVelocity_method_dispatcher 0000000180005780 f   c2_simulink_SetTargetPioneerVelocity.obj
 0001:000054e0       sf_c2_simulink_SetTargetPioneerVelocity_get_autoinheritance_info 00000001800064e0 f   c2_simulink_SetTargetPioneerVelocity.obj
 0001:000058c0       sf_c2_simulink_SetTargetPioneerVelocity_third_party_uses_info 00000001800068c0 f   c2_simulink_SetTargetPioneerVelocity.obj
 0001:000058f0       sf_c2_simulink_SetTargetPioneerVelocity_updateBuildInfo_args_info 00000001800068f0 f   c2_simulink_SetTargetPioneerVelocity.obj
 0001:000061e0       sf_internal_get_sim_state_c2_simulink_SetTargetPioneerVelocity 00000001800071e0 f   c2_simulink_SetTargetPioneerVelocity.obj
 0001:00006340       sf_internal_set_sim_state_c2_simulink_SetTargetPioneerVelocity 0000000180007340 f   c2_simulink_SetTargetPioneerVelocity.obj
 0001:00006e20       mexFunction                0000000180007e20 f   simulink_SetTargetPioneerVelocity_sfun_registry.obj
 0001:00007fc0       _ssSetInputPortDirectFeedThroughFcn 0000000180008fc0 f   simulink_SetTargetPioneerVelocity_sfun_registry.obj
 0001:00008120       _ssGetInputPortSignalPtrsFcn 0000000180009120 f   simulink_SetTargetPioneerVelocity_sfun_registry.obj
 0001:00008340       _ssGetInputPortSignalFcn   0000000180009340 f   simulink_SetTargetPioneerVelocity_sfun_registry.obj
 0001:00008560       _ssSetInputPortReusableFcn 0000000180009560 f   simulink_SetTargetPioneerVelocity_sfun_registry.obj
 0001:00008640       _ssSetOutputPortReusableFcn 0000000180009640 f   simulink_SetTargetPioneerVelocity_sfun_registry.obj
 0001:00008720       ssGetIsZeroCrossControlDisabled 0000000180009720 f   simulink_SetTargetPioneerVelocity_sfun_registry.obj
 0001:00008790       ssSetIsInputPortUsedForContZcSignal 0000000180009790 f   simulink_SetTargetPioneerVelocity_sfun_registry.obj
 0001:00008800       ssSetZcSignalIsZcElementDisc 0000000180009800 f   simulink_SetTargetPioneerVelocity_sfun_registry.obj
 0001:000088b0       ssSetZcSignalName          00000001800098b0 f   simulink_SetTargetPioneerVelocity_sfun_registry.obj
 0001:00008920       ssSetZcSignalWidth         0000000180009920 f   simulink_SetTargetPioneerVelocity_sfun_registry.obj
 0001:00008990       ssSetZcSignalZcEventType   0000000180009990 f   simulink_SetTargetPioneerVelocity_sfun_registry.obj
 0001:00008a00       ssSetZcSignalType          0000000180009a00 f   simulink_SetTargetPioneerVelocity_sfun_registry.obj
 0001:00008a70       ssSetZcSignalZcTol         0000000180009a70 f   simulink_SetTargetPioneerVelocity_sfun_registry.obj
 0001:00008ae0       ssSetZcSignalNeedsEventNotification 0000000180009ae0 f   simulink_SetTargetPioneerVelocity_sfun_registry.obj
 0001:00008b50       ssCreateAndAddZcSignalInfo 0000000180009b50 f   simulink_SetTargetPioneerVelocity_sfun_registry.obj
 0001:00008bc0       ssCloneAndAddZcSignalInfo  0000000180009bc0 f   simulink_SetTargetPioneerVelocity_sfun_registry.obj
 0001:00008c30       ssGetNumZcSignals          0000000180009c30 f   simulink_SetTargetPioneerVelocity_sfun_registry.obj
 0001:00008ca0       ssGetZcSignalVector        0000000180009ca0 f   simulink_SetTargetPioneerVelocity_sfun_registry.obj
 0001:00008d10       ssGetZcSignalName          0000000180009d10 f   simulink_SetTargetPioneerVelocity_sfun_registry.obj
 0001:00008d80       ssGetZcSignalWidth         0000000180009d80 f   simulink_SetTargetPioneerVelocity_sfun_registry.obj
 0001:00008df0       ssGetZcSignalZcEventType   0000000180009df0 f   simulink_SetTargetPioneerVelocity_sfun_registry.obj
 0001:00008e60       ssGetZcSignalZcEvents      0000000180009e60 f   simulink_SetTargetPioneerVelocity_sfun_registry.obj
 0001:00008ed0       ssGetZcSignalType          0000000180009ed0 f   simulink_SetTargetPioneerVelocity_sfun_registry.obj
 0001:00008f40       ssGetZcSignalZcTol         0000000180009f40 f   simulink_SetTargetPioneerVelocity_sfun_registry.obj
 0001:00008fc0       ssGetZcSignalNeedsEventNotification 0000000180009fc0 f   simulink_SetTargetPioneerVelocity_sfun_registry.obj
 0001:00009030       ssGetZcSignalIsZcElementDisc 000000018000a030 f   simulink_SetTargetPioneerVelocity_sfun_registry.obj
 0001:000090d0       ssGetIsInputPortElementContinuous 000000018000a0d0 f   simulink_SetTargetPioneerVelocity_sfun_registry.obj
 0001:00009170       ssGetDTypeIdFromMxArray    000000018000a170 f   simulink_SetTargetPioneerVelocity_sfun_registry.obj
 0001:00009290       ssWriteRTWStr              000000018000a290 f   simulink_SetTargetPioneerVelocity_sfun_registry.obj
 0001:000092f0       ssWriteRTWNameValuePair    000000018000a2f0 f   simulink_SetTargetPioneerVelocity_sfun_registry.obj
 0001:000097f0       ssWriteRTWParamSettings    000000018000a7f0 f   simulink_SetTargetPioneerVelocity_sfun_registry.obj
 0001:00009ee0       ssWriteRTWParameters       000000018000aee0 f   simulink_SetTargetPioneerVelocity_sfun_registry.obj
 0001:0000a4b0       ssWriteRTWWorkVect         000000018000b4b0 f   simulink_SetTargetPioneerVelocity_sfun_registry.obj
 0001:0000a9a0       ssWriteRTWMxVectParam      000000018000b9a0 f   simulink_SetTargetPioneerVelocity_sfun_registry.obj
 0001:0000aa20       ssWriteRTWMx2dMatParam     000000018000ba20 f   simulink_SetTargetPioneerVelocity_sfun_registry.obj
 0001:0000aab0       _ssSetInputPortMatrixDimensions 000000018000bab0 f   simulink_SetTargetPioneerVelocity_sfun_registry.obj
 0001:0000abb0       _ssSetOutputPortMatrixDimensions 000000018000bbb0 f   simulink_SetTargetPioneerVelocity_sfun_registry.obj
 0001:0000acb0       _ssSetInputPortVectorDimension 000000018000bcb0 f   simulink_SetTargetPioneerVelocity_sfun_registry.obj
 0001:0000ad60       _ssSetOutputPortVectorDimension 000000018000bd60 f   simulink_SetTargetPioneerVelocity_sfun_registry.obj
 0001:0000ae10       ssIsRunTimeParamTunable    000000018000be10 f   simulink_SetTargetPioneerVelocity_sfun_registry.obj
 0001:0000ae80       ssGetSFuncBlockHandle      000000018000be80 f   simulink_SetTargetPioneerVelocity_sfun_registry.obj
 0001:0000aef0       _ssGetCurrentInputPortWidth 000000018000bef0 f   simulink_SetTargetPioneerVelocity_sfun_registry.obj
 0001:0000b010       _ssGetCurrentOutputPortWidth 000000018000c010 f   simulink_SetTargetPioneerVelocity_sfun_registry.obj
 0001:0000b130       _ssGetCallSystemNumFcnCallDestinations 000000018000c130 f   simulink_SetTargetPioneerVelocity_sfun_registry.obj
 0001:0000b1a0       ssWarning                  000000018000c1a0 f   simulink_SetTargetPioneerVelocity_sfun_registry.obj
 0001:0000b290       _ssGetAbsTol               000000018000c290 f   simulink_SetTargetPioneerVelocity_sfun_registry.obj
 0001:0000b300       _ssSetStateAbsTol          000000018000c300 f   simulink_SetTargetPioneerVelocity_sfun_registry.obj
 0001:0000b3e0       sf_process_check_sum_call  000000018000c3e0 f   simulink_SetTargetPioneerVelocity_sfun_registry.obj
 0001:0000b430       sf_process_autoinheritance_call 000000018000c430 f   simulink_SetTargetPioneerVelocity_sfun_registry.obj
 0001:0000b660       sf_process_get_third_party_uses_info_call 000000018000c660 f   simulink_SetTargetPioneerVelocity_sfun_registry.obj
 0001:0000b890       sf_process_get_updateBuildInfo_args_info_call 000000018000c890 f   simulink_SetTargetPioneerVelocity_sfun_registry.obj
 0001:0000bac0       sf_process_get_eml_resolved_functions_info_call 000000018000cac0 f   simulink_SetTargetPioneerVelocity_sfun_registry.obj
 0001:0000bcc0       sf_mex_unlock_call         000000018000ccc0 f   simulink_SetTargetPioneerVelocity_sfun_registry.obj
 0001:0000bf30       sf_machine_global_initializer_called 000000018000cf30 f   simulink_SetTargetPioneerVelocity_sfun_registry.obj
 0001:0000bf60       sf_machine_global_method_dispatcher 000000018000cf60 f   simulink_SetTargetPioneerVelocity_sfun_registry.obj
 0001:0000bfc0       sf_machine_global_terminator 000000018000cfc0 f   simulink_SetTargetPioneerVelocity_sfun_registry.obj
 0001:0000c010       sf_register_machine_exported_symbols 000000018000d010 f   simulink_SetTargetPioneerVelocity_sfun_registry.obj
 0001:0000c030       callCustomFcn              000000018000d030 f   simulink_SetTargetPioneerVelocity_sfun_registry.obj
 0001:0000c040       sf_machine_global_initializer 000000018000d040 f   simulink_SetTargetPioneerVelocity_sfun_registry.obj
 0001:0000c100       mdlGetSimState             000000018000d100 f   simulink_SetTargetPioneerVelocity_sfun_registry.obj
 0001:0000c140       mdlSetSimState             000000018000d140 f   simulink_SetTargetPioneerVelocity_sfun_registry.obj
 0001:0000c8e0       ProcessMexSfunctionEveryCall 000000018000d8e0 f   simulink_SetTargetPioneerVelocity_sfun_registry.obj
 0001:0000d554       sf_load_rtw_optimization_info 000000018000e554 f   sf_runtime:sf_runtime.dll
 0001:0000d55a       sf_debug_initialize_machine 000000018000e55a f   sf_runtime:sf_runtime.dll
 0001:0000d560       sf_debug_set_machine_event_thresholds 000000018000e560 f   sf_runtime:sf_runtime.dll
 0001:0000d566       sf_debug_set_machine_data_thresholds 000000018000e566 f   sf_runtime:sf_runtime.dll
 0001:0000d56c       sf_rtw_info_uint_prop      000000018000e56c f   sf_runtime:sf_runtime.dll
 0001:0000d572       sf_update_buildInfo        000000018000e572 f   sf_runtime:sf_runtime.dll
 0001:0000d578       sf_is_chart_inlinable      000000018000e578 f   sf_runtime:sf_runtime.dll
 0001:0000d57e       sf_mark_chart_reusable_outputs 000000018000e57e f   sf_runtime:sf_runtime.dll
 0001:0000d584       sim_mode_is_rtw_gen        000000018000e584 f   sf_runtime:sf_runtime.dll
 0001:0000d58a       sim_mode_is_external       000000018000e58a f   sf_runtime:sf_runtime.dll
 0001:0000d590       sf_clear_rtw_identifier    000000018000e590 f   sf_runtime:sf_runtime.dll
 0001:0000d596       sf_set_rtw_dwork_info      000000018000e596 f   sf_runtime:sf_runtime.dll
 0001:0000d59c       sf_get_time                000000018000e59c f   sf_runtime:sf_runtime.dll
 0001:0000d5a2       sf_mex_call_matlab         000000018000e5a2 f   sf_runtime:sf_runtime.dll
 0001:0000d5a8       sf_mex_call_debug          000000018000e5a8 f   sf_runtime:sf_runtime.dll
 0001:0000d5ae       sf_mex_error_message       000000018000e5ae f   sf_runtime:sf_runtime.dll
 0001:0000d5b4       sf_mex_create              000000018000e5b4 f   sf_runtime:sf_runtime.dll
 0001:0000d5ba       sf_mex_createcellmatrix    000000018000e5ba f   sf_runtime:sf_runtime.dll
 0001:0000d5c0       sf_mex_setcell             000000018000e5c0 f   sf_runtime:sf_runtime.dll
 0001:0000d5c6       sf_mex_getcell             000000018000e5c6 f   sf_runtime:sf_runtime.dll
 0001:0000d5cc       sf_mex_assign              000000018000e5cc f   sf_runtime:sf_runtime.dll
 0001:0000d5d2       sf_mex_dup                 000000018000e5d2 f   sf_runtime:sf_runtime.dll
 0001:0000d5d8       sf_mex_destroy             000000018000e5d8 f   sf_runtime:sf_runtime.dll
 0001:0000d5de       sf_mex_import              000000018000e5de f   sf_runtime:sf_runtime.dll
 0001:0000d5e4       sf_mex_decode_encoded_mx_struct_array 000000018000e5e4 f   sf_runtime:sf_runtime.dll
 0001:0000d5ea       sf_mex_duplicatearraysafe  000000018000e5ea f   sf_runtime:sf_runtime.dll
 0001:0000d5f0       sf_debug_initialize_chart  000000018000e5f0 f   sf_runtime:sf_runtime.dll
 0001:0000d5f6       sf_debug_call              000000018000e5f6 f   sf_runtime:sf_runtime.dll
 0001:0000d5fc       eml_debug_line_call        000000018000e5fc f   sf_runtime:sf_runtime.dll
 0001:0000d602       cv_eml_eval                000000018000e602 f   sf_runtime:sf_runtime.dll
 0001:0000d608       cv_eml_init_script         000000018000e608 f   sf_runtime:sf_runtime.dll
 0001:0000d60e       cv_eml_init_fcn            000000018000e60e f   sf_runtime:sf_runtime.dll
 0001:0000d614       sf_debug_reset_current_state_configuration 000000018000e614 f   sf_runtime:sf_runtime.dll
 0001:0000d61a       sf_debug_check_for_state_inconsistency 000000018000e61a f   sf_runtime:sf_runtime.dll
 0001:0000d620       sf_debug_set_chart_data_props 000000018000e620 f   sf_runtime:sf_runtime.dll
 0001:0000d626       sf_debug_set_chart_data_compiled_props 000000018000e626 f   sf_runtime:sf_runtime.dll
 0001:0000d62c       sf_debug_symbol_scope_push 000000018000e62c f   sf_runtime:sf_runtime.dll
 0001:0000d632       sf_debug_symbol_scope_push_eml 000000018000e632 f   sf_runtime:sf_runtime.dll
 0001:0000d638       sf_debug_symbol_scope_pop  000000018000e638 f   sf_runtime:sf_runtime.dll
 0001:0000d63e       sf_debug_symbol_scope_add_eml 000000018000e63e f   sf_runtime:sf_runtime.dll
 0001:0000d644       sf_debug_symbol_scope_add_eml_importable 000000018000e644 f   sf_runtime:sf_runtime.dll
 0001:0000d64a       sf_debug_set_instance_data_value_ptr 000000018000e64a f   sf_runtime:sf_runtime.dll
 0001:0000d650       sf_debug_set_chart_disable_implicit_casting 000000018000e650 f   sf_runtime:sf_runtime.dll
 0001:0000d656       sf_debug_set_chart_event_thresholds 000000018000e656 f   sf_runtime:sf_runtime.dll
 0001:0000d65c       sf_debug_set_chart_state_info 000000018000e65c f   sf_runtime:sf_runtime.dll
 0001:0000d662       sf_debug_set_chart_decomposition 000000018000e662 f   sf_runtime:sf_runtime.dll
 0001:0000d668       sf_debug_set_chart_substate_count 000000018000e668 f   sf_runtime:sf_runtime.dll
 0001:0000d66e       sf_debug_data_range_wrapper 000000018000e66e f   sf_runtime:sf_runtime.dll
 0001:0000d674       sf_debug_cv_init_trans     000000018000e674 f   sf_runtime:sf_runtime.dll
 0001:0000d67a       sf_debug_cv_init_chart     000000018000e67a f   sf_runtime:sf_runtime.dll
 0001:0000d680       sf_debug_cv_init_state     000000018000e680 f   sf_runtime:sf_runtime.dll
 0001:0000d686       sf_mark_chart_expressionable_inputs 000000018000e686 f   sf_runtime:sf_runtime.dll
 0001:0000d68c       callMdlMethodAndReportError 000000018000e68c f   sf_runtime:sf_runtime.dll
 0001:0000d692       call_sf_machine_global_method_dispatcher 000000018000e692 f   sf_runtime:sf_runtime.dll
 0001:0000d698       sf_mex_error_direct_call   000000018000e698 f   sf_runtime:sf_runtime.dll
 0001:0000d69e       sf_clear_error_manager_info 000000018000e69e f   sf_runtime:sf_runtime.dll
 0001:0000d6a4       sf_debug_create_debug_instance_struct 000000018000e6a4 f   sf_runtime:sf_runtime.dll
 0001:0000d6aa       sf_debug_terminate         000000018000e6aa f   sf_runtime:sf_runtime.dll
 0001:0000d6b0       sf_debug_api               000000018000e6b0 f   sf_runtime:sf_runtime.dll
 0001:0000d6b6       mxIsChar                   000000018000e6b6 f   libmx:libmx.dll
 0001:0000d6bc       mxGetPr                    000000018000e6bc f   libmx:libmx.dll
 0001:0000d6c2       mxGetScalar                000000018000e6c2 f   libmx:libmx.dll
 0001:0000d6c8       mxDestroyArray             000000018000e6c8 f   libmx:libmx.dll
 0001:0000d6ce       mxCreateDoubleMatrix_730   000000018000e6ce f   libmx:libmx.dll
 0001:0000d6d4       mxGetString_730            000000018000e6d4 f   libmx:libmx.dll
 0001:0000d6da       mxDuplicateArray           000000018000e6da f   libmx:libmx.dll
 0001:0000d6e0       mxSetField_730             000000018000e6e0 f   libmx:libmx.dll
 0001:0000d6e6       mxCreateDoubleScalar       000000018000e6e6 f   libmx:libmx.dll
 0001:0000d6ec       mxCreateString             000000018000e6ec f   libmx:libmx.dll
 0001:0000d6f2       mxCreateCellMatrix_730     000000018000e6f2 f   libmx:libmx.dll
 0001:0000d6f8       mxCreateStructMatrix_730   000000018000e6f8 f   libmx:libmx.dll
 0001:0000d6fe       mxCalloc                   000000018000e6fe f   libmx:libmx.dll
 0001:0000d704       mxGetM                     000000018000e704 f   libmx:libmx.dll
 0001:0000d70a       mxGetClassID               000000018000e70a f   libmx:libmx.dll
 0001:0000d710       mxIsNumeric                000000018000e710 f   libmx:libmx.dll
 0001:0000d716       mxIsComplex                000000018000e716 f   libmx:libmx.dll
 0001:0000d71c       mxGetN                     000000018000e71c f   libmx:libmx.dll
 0001:0000d722       mexMakeArrayPersistent     000000018000e722 f   libmex:libmex.dll
 0001:0000d728       mexErrMsgTxt               000000018000e728 f   libmex:libmex.dll
 0001:0000d72e       mexWarnMsgTxt              000000018000e72e f   libmex:libmex.dll
 0001:0000d734       mexCallMATLAB              000000018000e734 f   libmex:libmex.dll
 0001:0000d73a       mexLock                    000000018000e73a f   libmex:libmex.dll
 0001:0000d740       mexUnlock                  000000018000e740 f   libmex:libmex.dll
 0001:0000d746       mexIsLocked                000000018000e746 f   libmex:libmex.dll
 0001:0000d74c       utMalloc                   000000018000e74c f   libut:libut.dll
 0001:0000d752       utFree                     000000018000e752 f   libut:libut.dll
 0001:0000d758       __raise_securityfailure    000000018000e758 f   MSVCRT:gs_report.obj
 0001:0000d7a4       __report_gsfailure         000000018000e7a4 f   MSVCRT:gs_report.obj
 0001:0000d878       __report_rangecheckfailure 000000018000e878 f   MSVCRT:gs_report.obj
 0001:0000d88c       __report_securityfailure   000000018000e88c f   MSVCRT:gs_report.obj
 0001:0000d928       __report_securityfailureEx 000000018000e928 f   MSVCRT:gs_report.obj
 0001:0000da36       strcmp                     000000018000ea36 f   MSVCRT:MSVCR110.dll
 0001:0000da3c       __GSHandlerCheck           000000018000ea3c f   MSVCRT:gshandler.obj
 0001:0000da5c       __GSHandlerCheckCommon     000000018000ea5c f   MSVCRT:gshandler.obj
 0001:0000dad0       __security_check_cookie    000000018000ead0 f   MSVCRT:amdsecgs.obj
 0001:0000daf0       memset                     000000018000eaf0 f   MSVCRT:MSVCR110.dll
 0001:0000db10       _alloca_probe              000000018000eb10     MSVCRT:chkstk.obj
 0001:0000db10       __chkstk                   000000018000eb10 f   MSVCRT:chkstk.obj
 0001:0000db5e       memcpy                     000000018000eb5e f   MSVCRT:MSVCR110.dll
 0001:0000db64       strcat                     000000018000eb64 f   MSVCRT:MSVCR110.dll
 0001:0000db6a       strlen                     000000018000eb6a f   MSVCRT:MSVCR110.dll
 0001:0000db70       sprintf                    000000018000eb70 f   MSVCRT:MSVCR110.dll
 0001:0000db76       free                       000000018000eb76 f   MSVCRT:MSVCR110.dll
 0001:0000db7c       malloc                     000000018000eb7c f   MSVCRT:MSVCR110.dll
 0001:0000dbe4       NtCurrentTeb               000000018000ebe4 f i MSVCRT:crtdll.obj
 0001:0000dbf0       _CRT_INIT                  000000018000ebf0 f   MSVCRT:crtdll.obj
 0001:0000de3c       _DllMainCRTStartup         000000018000ee3c f   MSVCRT:crtdll.obj
 0001:0000dfb2       __crt_debugger_hook        000000018000efb2 f   MSVCRT:MSVCR110.dll
 0001:0000dfb8       __crtUnhandledException    000000018000efb8 f   MSVCRT:MSVCR110.dll
 0001:0000dfbe       __crtTerminateProcess      000000018000efbe f   MSVCRT:MSVCR110.dll
 0001:0000dfc4       __crtCaptureCurrentContext 000000018000efc4 f   MSVCRT:MSVCR110.dll
 0001:0000dfca       __crtCapturePreviousContext 000000018000efca f   MSVCRT:MSVCR110.dll
 0001:0000dfd0       __CppXcptFilter            000000018000efd0 f   MSVCRT:MSVCR110.dll
 0001:0000dfd6       _amsg_exit                 000000018000efd6 f   MSVCRT:MSVCR110.dll
 0001:0000dfe0       _FindPESection             000000018000efe0 f   MSVCRT:pesect.obj
 0001:0000e030       _IsNonwritableInCurrentImage 000000018000f030 f   MSVCRT:pesect.obj
 0001:0000e080       _ValidateImageBase         000000018000f080 f   MSVCRT:pesect.obj
 0001:0000e0b0       __atonexitinit             000000018000f0b0 f   MSVCRT:atonexit.obj
 0001:0000e100       _onexit                    000000018000f100 f   MSVCRT:atonexit.obj
 0001:0000e1b0       atexit                     000000018000f1b0 f   MSVCRT:atonexit.obj
 0001:0000e1c8       __security_init_cookie     000000018000f1c8 f   MSVCRT:gs_support.obj
 0001:0000e280       DllMain                    000000018000f280 f   MSVCRT:dllmain.obj
 0001:0000e2a4       _malloc_crt                000000018000f2a4 f   MSVCRT:MSVCR110.dll
 0001:0000e2ac       _RTC_Initialize            000000018000f2ac f   MSVCRT:initsect.obj
 0001:0000e2e4       _RTC_Terminate             000000018000f2e4 f   MSVCRT:initsect.obj
 0001:0000e31c       _initterm                  000000018000f31c f   MSVCRT:MSVCR110.dll
 0001:0000e322       _initterm_e                000000018000f322 f   MSVCRT:MSVCR110.dll
 0001:0000e328       __clean_type_info_names    000000018000f328 f   MSVCRT:tncleanup.obj
 0001:0000e334       __C_specific_handler       000000018000f334 f   MSVCRT:MSVCR110.dll
 0001:0000e33a       _lock                      000000018000f33a f   MSVCRT:MSVCR110.dll
 0001:0000e340       _unlock                    000000018000f340 f   MSVCRT:MSVCR110.dll
 0001:0000e346       _calloc_crt                000000018000f346 f   MSVCRT:MSVCR110.dll
 0001:0000e34c       __dllonexit                000000018000f34c f   MSVCRT:MSVCR110.dll
 0001:0000e352       __clean_type_info_names_internal 000000018000f352 f   MSVCRT:MSVCR110.dll
 0001:0000e358       IsDebuggerPresent          000000018000f358 f   kernel32:KERNEL32.dll
 0001:0000e35e       IsProcessorFeaturePresent  000000018000f35e f   kernel32:KERNEL32.dll
 0001:0000e364       EncodePointer              000000018000f364 f   kernel32:KERNEL32.dll
 0001:0000e36a       DecodePointer              000000018000f36a f   kernel32:KERNEL32.dll
 0001:0000e370       QueryPerformanceCounter    000000018000f370 f   kernel32:KERNEL32.dll
 0001:0000e376       GetCurrentThreadId         000000018000f376 f   kernel32:KERNEL32.dll
 0001:0000e37c       GetSystemTimeAsFileTime    000000018000f37c f   kernel32:KERNEL32.dll
 0001:0000e382       GetTickCount64             000000018000f382 f   kernel32:KERNEL32.dll
 0001:0000e388       DisableThreadLibraryCalls  000000018000f388 f   kernel32:KERNEL32.dll
 0002:00000000       __imp_DisableThreadLibraryCalls 0000000180010000     kernel32:KERNEL32.dll
 0002:00000008       __imp_GetTickCount64       0000000180010008     kernel32:KERNEL32.dll
 0002:00000010       __imp_GetSystemTimeAsFileTime 0000000180010010     kernel32:KERNEL32.dll
 0002:00000018       __imp_GetCurrentThreadId   0000000180010018     kernel32:KERNEL32.dll
 0002:00000020       __imp_QueryPerformanceCounter 0000000180010020     kernel32:KERNEL32.dll
 0002:00000028       __imp_DecodePointer        0000000180010028     kernel32:KERNEL32.dll
 0002:00000030       __imp_EncodePointer        0000000180010030     kernel32:KERNEL32.dll
 0002:00000038       __imp_IsProcessorFeaturePresent 0000000180010038     kernel32:KERNEL32.dll
 0002:00000040       __imp_IsDebuggerPresent    0000000180010040     kernel32:KERNEL32.dll
 0002:00000048       \177KERNEL32_NULL_THUNK_DATA 0000000180010048     kernel32:KERNEL32.dll
 0002:00000050       __imp___clean_type_info_names_internal 0000000180010050     MSVCRT:MSVCR110.dll
 0002:00000058       __imp__onexit              0000000180010058     MSVCRT:MSVCR110.dll
 0002:00000060       __imp___dllonexit          0000000180010060     MSVCRT:MSVCR110.dll
 0002:00000068       __imp__calloc_crt          0000000180010068     MSVCRT:MSVCR110.dll
 0002:00000070       __imp__unlock              0000000180010070     MSVCRT:MSVCR110.dll
 0002:00000078       __imp__lock                0000000180010078     MSVCRT:MSVCR110.dll
 0002:00000080       __imp___C_specific_handler 0000000180010080     MSVCRT:MSVCR110.dll
 0002:00000088       __imp__initterm_e          0000000180010088     MSVCRT:MSVCR110.dll
 0002:00000090       __imp__initterm            0000000180010090     MSVCRT:MSVCR110.dll
 0002:00000098       __imp__malloc_crt          0000000180010098     MSVCRT:MSVCR110.dll
 0002:000000a0       __imp__amsg_exit           00000001800100a0     MSVCRT:MSVCR110.dll
 0002:000000a8       __imp___CppXcptFilter      00000001800100a8     MSVCRT:MSVCR110.dll
 0002:000000b0       __imp___crtCapturePreviousContext 00000001800100b0     MSVCRT:MSVCR110.dll
 0002:000000b8       __imp___crtCaptureCurrentContext 00000001800100b8     MSVCRT:MSVCR110.dll
 0002:000000c0       __imp___crtTerminateProcess 00000001800100c0     MSVCRT:MSVCR110.dll
 0002:000000c8       __imp___crtUnhandledException 00000001800100c8     MSVCRT:MSVCR110.dll
 0002:000000d0       __imp___crt_debugger_hook  00000001800100d0     MSVCRT:MSVCR110.dll
 0002:000000d8       __imp_malloc               00000001800100d8     MSVCRT:MSVCR110.dll
 0002:000000e0       __imp_free                 00000001800100e0     MSVCRT:MSVCR110.dll
 0002:000000e8       __imp_sprintf              00000001800100e8     MSVCRT:MSVCR110.dll
 0002:000000f0       __imp_strlen               00000001800100f0     MSVCRT:MSVCR110.dll
 0002:000000f8       __imp_strcat               00000001800100f8     MSVCRT:MSVCR110.dll
 0002:00000100       __imp_memcpy               0000000180010100     MSVCRT:MSVCR110.dll
 0002:00000108       __imp_memset               0000000180010108     MSVCRT:MSVCR110.dll
 0002:00000110       __imp_strcmp               0000000180010110     MSVCRT:MSVCR110.dll
 0002:00000118       \177MSVCR110_NULL_THUNK_DATA 0000000180010118     MSVCRT:MSVCR110.dll
 0002:00000120       __imp_mexIsLocked          0000000180010120     libmex:libmex.dll
 0002:00000128       __imp_mexUnlock            0000000180010128     libmex:libmex.dll
 0002:00000130       __imp_mexLock              0000000180010130     libmex:libmex.dll
 0002:00000138       __imp_mexCallMATLAB        0000000180010138     libmex:libmex.dll
 0002:00000140       __imp_mexWarnMsgTxt        0000000180010140     libmex:libmex.dll
 0002:00000148       __imp_mexErrMsgTxt         0000000180010148     libmex:libmex.dll
 0002:00000150       __imp_mexMakeArrayPersistent 0000000180010150     libmex:libmex.dll
 0002:00000158       \177libmex_NULL_THUNK_DATA 0000000180010158     libmex:libmex.dll
 0002:00000160       __imp_mxGetN               0000000180010160     libmx:libmx.dll
 0002:00000168       __imp_mxIsComplex          0000000180010168     libmx:libmx.dll
 0002:00000170       __imp_mxIsNumeric          0000000180010170     libmx:libmx.dll
 0002:00000178       __imp_mxGetClassID         0000000180010178     libmx:libmx.dll
 0002:00000180       __imp_mxGetM               0000000180010180     libmx:libmx.dll
 0002:00000188       __imp_mxCalloc             0000000180010188     libmx:libmx.dll
 0002:00000190       __imp_mxCreateStructMatrix_730 0000000180010190     libmx:libmx.dll
 0002:00000198       __imp_mxCreateCellMatrix_730 0000000180010198     libmx:libmx.dll
 0002:000001a0       __imp_mxCreateString       00000001800101a0     libmx:libmx.dll
 0002:000001a8       __imp_mxCreateDoubleScalar 00000001800101a8     libmx:libmx.dll
 0002:000001b0       __imp_mxSetField_730       00000001800101b0     libmx:libmx.dll
 0002:000001b8       __imp_mxDuplicateArray     00000001800101b8     libmx:libmx.dll
 0002:000001c0       __imp_mxGetString_730      00000001800101c0     libmx:libmx.dll
 0002:000001c8       __imp_mxCreateDoubleMatrix_730 00000001800101c8     libmx:libmx.dll
 0002:000001d0       __imp_mxDestroyArray       00000001800101d0     libmx:libmx.dll
 0002:000001d8       __imp_mxIsChar             00000001800101d8     libmx:libmx.dll
 0002:000001e0       __imp_mxGetPr              00000001800101e0     libmx:libmx.dll
 0002:000001e8       __imp_mxGetScalar          00000001800101e8     libmx:libmx.dll
 0002:000001f0       \177libmx_NULL_THUNK_DATA  00000001800101f0     libmx:libmx.dll
 0002:000001f8       __imp_utMalloc             00000001800101f8     libut:libut.dll
 0002:00000200       __imp_utFree               0000000180010200     libut:libut.dll
 0002:00000208       \177libut_NULL_THUNK_DATA  0000000180010208     libut:libut.dll
 0002:00000210       __imp_sf_debug_create_debug_instance_struct 0000000180010210     sf_runtime:sf_runtime.dll
 0002:00000218       __imp_sf_clear_error_manager_info 0000000180010218     sf_runtime:sf_runtime.dll
 0002:00000220       __imp_sf_mex_error_direct_call 0000000180010220     sf_runtime:sf_runtime.dll
 0002:00000228       __imp_call_sf_machine_global_method_dispatcher 0000000180010228     sf_runtime:sf_runtime.dll
 0002:00000230       __imp_callMdlMethodAndReportError 0000000180010230     sf_runtime:sf_runtime.dll
 0002:00000238       __imp_sf_mark_chart_expressionable_inputs 0000000180010238     sf_runtime:sf_runtime.dll
 0002:00000240       __imp_sf_debug_cv_init_state 0000000180010240     sf_runtime:sf_runtime.dll
 0002:00000248       __imp_sf_debug_cv_init_chart 0000000180010248     sf_runtime:sf_runtime.dll
 0002:00000250       __imp_sf_debug_cv_init_trans 0000000180010250     sf_runtime:sf_runtime.dll
 0002:00000258       __imp_sf_debug_data_range_wrapper 0000000180010258     sf_runtime:sf_runtime.dll
 0002:00000260       __imp_sf_debug_terminate   0000000180010260     sf_runtime:sf_runtime.dll
 0002:00000268       __imp_sf_debug_set_chart_decomposition 0000000180010268     sf_runtime:sf_runtime.dll
 0002:00000270       __imp_sf_debug_set_chart_state_info 0000000180010270     sf_runtime:sf_runtime.dll
 0002:00000278       __imp_sf_debug_set_chart_event_thresholds 0000000180010278     sf_runtime:sf_runtime.dll
 0002:00000280       __imp_sf_debug_set_chart_disable_implicit_casting 0000000180010280     sf_runtime:sf_runtime.dll
 0002:00000288       __imp_sf_debug_set_instance_data_value_ptr 0000000180010288     sf_runtime:sf_runtime.dll
 0002:00000290       __imp_sf_debug_symbol_scope_add_eml_importable 0000000180010290     sf_runtime:sf_runtime.dll
 0002:00000298       __imp_sf_debug_symbol_scope_add_eml 0000000180010298     sf_runtime:sf_runtime.dll
 0002:000002a0       __imp_sf_debug_symbol_scope_pop 00000001800102a0     sf_runtime:sf_runtime.dll
 0002:000002a8       __imp_sf_debug_symbol_scope_push_eml 00000001800102a8     sf_runtime:sf_runtime.dll
 0002:000002b0       __imp_sf_debug_symbol_scope_push 00000001800102b0     sf_runtime:sf_runtime.dll
 0002:000002b8       __imp_sf_debug_api         00000001800102b8     sf_runtime:sf_runtime.dll
 0002:000002c0       __imp_sf_debug_set_chart_substate_count 00000001800102c0     sf_runtime:sf_runtime.dll
 0002:000002c8       __imp_sf_debug_set_chart_data_compiled_props 00000001800102c8     sf_runtime:sf_runtime.dll
 0002:000002d0       __imp_sf_debug_set_chart_data_props 00000001800102d0     sf_runtime:sf_runtime.dll
 0002:000002d8       __imp_sf_debug_check_for_state_inconsistency 00000001800102d8     sf_runtime:sf_runtime.dll
 0002:000002e0       __imp_sf_debug_reset_current_state_configuration 00000001800102e0     sf_runtime:sf_runtime.dll
 0002:000002e8       __imp_cv_eml_init_fcn      00000001800102e8     sf_runtime:sf_runtime.dll
 0002:000002f0       __imp_cv_eml_init_script   00000001800102f0     sf_runtime:sf_runtime.dll
 0002:000002f8       __imp_cv_eml_eval          00000001800102f8     sf_runtime:sf_runtime.dll
 0002:00000300       __imp_eml_debug_line_call  0000000180010300     sf_runtime:sf_runtime.dll
 0002:00000308       __imp_sf_debug_call        0000000180010308     sf_runtime:sf_runtime.dll
 0002:00000310       __imp_sf_debug_initialize_chart 0000000180010310     sf_runtime:sf_runtime.dll
 0002:00000318       __imp_sf_mex_duplicatearraysafe 0000000180010318     sf_runtime:sf_runtime.dll
 0002:00000320       __imp_sf_mex_decode_encoded_mx_struct_array 0000000180010320     sf_runtime:sf_runtime.dll
 0002:00000328       __imp_sf_mex_import        0000000180010328     sf_runtime:sf_runtime.dll
 0002:00000330       __imp_sf_mex_destroy       0000000180010330     sf_runtime:sf_runtime.dll
 0002:00000338       __imp_sf_mex_dup           0000000180010338     sf_runtime:sf_runtime.dll
 0002:00000340       __imp_sf_mex_assign        0000000180010340     sf_runtime:sf_runtime.dll
 0002:00000348       __imp_sf_mex_getcell       0000000180010348     sf_runtime:sf_runtime.dll
 0002:00000350       __imp_sf_mex_setcell       0000000180010350     sf_runtime:sf_runtime.dll
 0002:00000358       __imp_sf_mex_createcellmatrix 0000000180010358     sf_runtime:sf_runtime.dll
 0002:00000360       __imp_sf_mex_create        0000000180010360     sf_runtime:sf_runtime.dll
 0002:00000368       __imp_sf_mex_error_message 0000000180010368     sf_runtime:sf_runtime.dll
 0002:00000370       __imp_sf_mex_call_debug    0000000180010370     sf_runtime:sf_runtime.dll
 0002:00000378       __imp_sf_mex_call_matlab   0000000180010378     sf_runtime:sf_runtime.dll
 0002:00000380       __imp_sf_get_time          0000000180010380     sf_runtime:sf_runtime.dll
 0002:00000388       __imp_sf_set_rtw_dwork_info 0000000180010388     sf_runtime:sf_runtime.dll
 0002:00000390       __imp_sf_clear_rtw_identifier 0000000180010390     sf_runtime:sf_runtime.dll
 0002:00000398       __imp_sim_mode_is_external 0000000180010398     sf_runtime:sf_runtime.dll
 0002:000003a0       __imp_sim_mode_is_rtw_gen  00000001800103a0     sf_runtime:sf_runtime.dll
 0002:000003a8       __imp_sf_mark_chart_reusable_outputs 00000001800103a8     sf_runtime:sf_runtime.dll
 0002:000003b0       __imp_sf_is_chart_inlinable 00000001800103b0     sf_runtime:sf_runtime.dll
 0002:000003b8       __imp_sf_update_buildInfo  00000001800103b8     sf_runtime:sf_runtime.dll
 0002:000003c0       __imp_sf_rtw_info_uint_prop 00000001800103c0     sf_runtime:sf_runtime.dll
 0002:000003c8       __imp_sf_debug_set_machine_data_thresholds 00000001800103c8     sf_runtime:sf_runtime.dll
 0002:000003d0       __imp_sf_debug_set_machine_event_thresholds 00000001800103d0     sf_runtime:sf_runtime.dll
 0002:000003d8       __imp_sf_debug_initialize_machine 00000001800103d8     sf_runtime:sf_runtime.dll
 0002:000003e0       __imp_sf_load_rtw_optimization_info 00000001800103e0     sf_runtime:sf_runtime.dll
 0002:000003e8       \177sf_runtime_NULL_THUNK_DATA 00000001800103e8     sf_runtime:sf_runtime.dll
 0002:000003f0       __xc_a                     00000001800103f0     MSVCRT:cinitexe.obj
 0002:000003f8       __xc_z                     00000001800103f8     MSVCRT:cinitexe.obj
 0002:00000400       __xi_a                     0000000180010400     MSVCRT:cinitexe.obj
 0002:00000418       __xi_z                     0000000180010418     MSVCRT:cinitexe.obj
 0002:00000420       __real@419cd83088000000    0000000180010420     simulink_SetTargetPioneerVelocity_sfun.obj
 0002:00000428       __real@41c900e78a000000    0000000180010428     simulink_SetTargetPioneerVelocity_sfun.obj
 0002:00000430       __real@41cc8f166b800000    0000000180010430     simulink_SetTargetPioneerVelocity_sfun.obj
 0002:00000438       __real@41cd8ab621800000    0000000180010438     simulink_SetTargetPioneerVelocity_sfun.obj
 0002:00000440       __real@41da085973800000    0000000180010440     simulink_SetTargetPioneerVelocity_sfun.obj
 0002:00000448       __real@41da254f93000000    0000000180010448     simulink_SetTargetPioneerVelocity_sfun.obj
 0002:00000450       __real@41dabf186b400000    0000000180010450     simulink_SetTargetPioneerVelocity_sfun.obj
 0002:00000458       __real@41dc03a8a5400000    0000000180010458     simulink_SetTargetPioneerVelocity_sfun.obj
 0002:00000460       __real@41e03401a9800000    0000000180010460     simulink_SetTargetPioneerVelocity_sfun.obj
 0002:00000468       __real@41e0402049400000    0000000180010468     simulink_SetTargetPioneerVelocity_sfun.obj
 0002:00000470       __real@41e07abf2b200000    0000000180010470     simulink_SetTargetPioneerVelocity_sfun.obj
 0002:00000478       __real@41e2e1f2f3a00000    0000000180010478     simulink_SetTargetPioneerVelocity_sfun.obj
 0002:00000480       __real@41e695dff8600000    0000000180010480     simulink_SetTargetPioneerVelocity_sfun.obj
 0002:00000488       __real@41e75ff486c00000    0000000180010488     simulink_SetTargetPioneerVelocity_sfun.obj
 0002:00000490       __real@41eda5398c800000    0000000180010490     simulink_SetTargetPioneerVelocity_sfun.obj
 0002:00000498       __real@41edcf5b43c00000    0000000180010498     simulink_SetTargetPioneerVelocity_sfun.obj
 0002:000004a0       __real@3ff0000000000000    00000001800104a0     c1_simulink_SetTargetPioneerVelocity.obj
 0002:000004a8       __real@4000000000000000    00000001800104a8     c1_simulink_SetTargetPioneerVelocity.obj
 0002:000004b0       __real@4024000000000000    00000001800104b0     c1_simulink_SetTargetPioneerVelocity.obj
 0002:000004b8       __real@405e800000000000    00000001800104b8     c1_simulink_SetTargetPioneerVelocity.obj
 0002:000004c0       __real@4063800000000000    00000001800104c0     c1_simulink_SetTargetPioneerVelocity.obj
 0002:000004c8       __real@41b8ec644c000000    00000001800104c8     c1_simulink_SetTargetPioneerVelocity.obj
 0002:000004d0       __real@41c86908d9000000    00000001800104d0     c1_simulink_SetTargetPioneerVelocity.obj
 0002:000004d8       __real@41d122b25f000000    00000001800104d8     c1_simulink_SetTargetPioneerVelocity.obj
 0002:000004e0       __real@41e16db358000000    00000001800104e0     c1_simulink_SetTargetPioneerVelocity.obj
 0002:000004e8       __real@41b99f83ee000000    00000001800104e8     c2_simulink_SetTargetPioneerVelocity.obj
 0002:000004f0       __real@41c03ddae4800000    00000001800104f0     c2_simulink_SetTargetPioneerVelocity.obj
 0002:000004f8       __real@41cfd10236800000    00000001800104f8     c2_simulink_SetTargetPioneerVelocity.obj
 0002:00000500       __real@41ee999602400000    0000000180010500     c2_simulink_SetTargetPioneerVelocity.obj
 0002:00000510       DYNAMIC_DIMENSION_DEF      0000000180010510     simulink_SetTargetPioneerVelocity_sfun_registry.obj
 0002:00000530       _ssBadLevel2InputAccessMsg 0000000180010530     simulink_SetTargetPioneerVelocity_sfun_registry.obj
 0002:000006c0       _ssBadLevel2DirectFeedMsg  00000001800106c0     simulink_SetTargetPioneerVelocity_sfun_registry.obj
 0002:00000800       _ssBadLevel2DirectFeedSolutionMsg 0000000180010800     simulink_SetTargetPioneerVelocity_sfun_registry.obj
 0002:00000870       _ssBadLevel2ZeroDirectFeedMsg 0000000180010870     simulink_SetTargetPioneerVelocity_sfun_registry.obj
 0002:000009b0       _ssBadLevel2ZeroDirectFeedMsg2 00000001800109b0     simulink_SetTargetPioneerVelocity_sfun_registry.obj
 0002:00000a98       __real@0000000000000000    0000000180010a98     simulink_SetTargetPioneerVelocity_sfun_registry.obj
 0002:00000aa0       __real@41602cbca0000000    0000000180010aa0     simulink_SetTargetPioneerVelocity_sfun_registry.obj
 0002:00000aa8       __real@bff0000000000000    0000000180010aa8     simulink_SetTargetPioneerVelocity_sfun_registry.obj
 0002:00000ac0       _pRawDllMain               0000000180010ac0     MSVCRT:crtdll.obj
 0002:00000ac0       _pDefaultRawDllMain        0000000180010ac0     MSVCRT:crtdll.obj
 0002:00000ac8       ?ProcessDetach@NativeDll@<CrtImplementationDetails>@@0IB 0000000180010ac8     MSVCRT:initsect.obj
 0002:00000acc       ?ProcessAttach@NativeDll@<CrtImplementationDetails>@@0IB 0000000180010acc     MSVCRT:initsect.obj
 0002:00000ad0       ?ThreadAttach@NativeDll@<CrtImplementationDetails>@@0IB 0000000180010ad0     MSVCRT:initsect.obj
 0002:00000ad4       ?ThreadDetach@NativeDll@<CrtImplementationDetails>@@0IB 0000000180010ad4     MSVCRT:initsect.obj
 0002:00000ad8       ?ProcessVerifier@NativeDll@<CrtImplementationDetails>@@0IB 0000000180010ad8     MSVCRT:initsect.obj
 0002:00000adc       ?value@?$integral_constant@_N$0A@@std@@2_NB 0000000180010adc     MSVCRT:tncleanup.obj
 0002:00000add       ?value@?$integral_constant@_N$00@std@@2_NB 0000000180010add     MSVCRT:tncleanup.obj
 0002:00000ae0       ?value@?$_Sizeof@U_Nil@std@@U12@U12@U12@U12@U12@U12@U12@@std@@2_KB 0000000180010ae0     MSVCRT:tncleanup.obj
 0002:00000af0       _load_config_used          0000000180010af0     MSVCRT:loadcfg.obj
 0002:00000b60       __rtc_iaa                  0000000180010b60     MSVCRT:initsect.obj
 0002:00000b68       __rtc_izz                  0000000180010b68     MSVCRT:initsect.obj
 0002:00000b70       __rtc_taa                  0000000180010b70     MSVCRT:initsect.obj
 0002:00000b78       __rtc_tzz                  0000000180010b78     MSVCRT:initsect.obj
 0002:00001358       __IMPORT_DESCRIPTOR_sf_runtime 0000000180011358     sf_runtime:sf_runtime.dll
 0002:0000136c       __IMPORT_DESCRIPTOR_libmx  000000018001136c     libmx:libmx.dll
 0002:00001380       __IMPORT_DESCRIPTOR_libmex 0000000180011380     libmex:libmex.dll
 0002:00001394       __IMPORT_DESCRIPTOR_libut  0000000180011394     libut:libut.dll
 0002:000013a8       __IMPORT_DESCRIPTOR_MSVCR110 00000001800113a8     MSVCRT:MSVCR110.dll
 0002:000013bc       __IMPORT_DESCRIPTOR_KERNEL32 00000001800113bc     kernel32:KERNEL32.dll
 0002:000013d0       __NULL_IMPORT_DESCRIPTOR   00000001800113d0     sf_runtime:sf_runtime.dll
 0003:00000ea8       DYNAMIC_DIMENSION          0000000180013ea8     simulink_SetTargetPioneerVelocity_sfun_registry.obj
 0003:00001b70       __security_cookie          0000000180014b70     MSVCRT:gs_cookie.obj
 0003:00001b78       __security_cookie_complement 0000000180014b78     MSVCRT:gs_cookie.obj
 0003:00001b80       _fltused                   0000000180014b80     MSVCRT:dllsupp.obj
 0003:00001b90       __native_dllmain_reason    0000000180014b90     MSVCRT:natstart.obj
 0003:00001bc8       sfGlobalDebugInstanceStruct 0000000180014bc8     simulink_SetTargetPioneerVelocity_sfun_registry.obj
 0003:00002218       ?__type_info_root_node@@3U__type_info_node@@A 0000000180015218     MSVCRT:tncleanup.obj
 0003:00002228       _simulink_SetTargetPioneerVelocityMachineNumber_ 0000000180015228     <common>
 0003:00002230       __native_startup_lock      0000000180015230     <common>
 0003:00002238       __native_startup_state     0000000180015238     <common>
 0003:00002240       __onexitend                0000000180015240     <common>
 0003:00002248       __onexitbegin              0000000180015248     <common>
 0003:00002250       __dyn_tls_init_callback    0000000180015250     <common>

 entry point at        0001:0000de3c

 Static symbols

 0000:00000000       .debug$S                   0000000180000000     kernel32:KERNEL32.dll
 0000:00000000       .debug$S                   0000000180000000     kernel32:KERNEL32.dll
 0000:00000000       .debug$S                   0000000180000000     kernel32:KERNEL32.dll
 0000:00000000       .debug$S                   0000000180000000     kernel32:KERNEL32.dll
 0000:00000000       .debug$S                   0000000180000000     kernel32:KERNEL32.dll
 0000:00000000       .debug$S                   0000000180000000     kernel32:KERNEL32.dll
 0000:00000000       .debug$S                   0000000180000000     kernel32:KERNEL32.dll
 0000:00000000       .debug$S                   0000000180000000     kernel32:KERNEL32.dll
 0000:00000000       .debug$S                   0000000180000000     kernel32:KERNEL32.dll
 0000:00000000       .debug$S                   0000000180000000     MSVCRT:MSVCR110.dll
 0000:00000000       .debug$S                   0000000180000000     MSVCRT:MSVCR110.dll
 0000:00000000       .debug$S                   0000000180000000     MSVCRT:MSVCR110.dll
 0000:00000000       .debug$S                   0000000180000000     MSVCRT:MSVCR110.dll
 0000:00000000       .debug$S                   0000000180000000     MSVCRT:MSVCR110.dll
 0000:00000000       .debug$S                   0000000180000000     MSVCRT:MSVCR110.dll
 0000:00000000       .debug$S                   0000000180000000     MSVCRT:MSVCR110.dll
 0000:00000000       .debug$S                   0000000180000000     MSVCRT:MSVCR110.dll
 0000:00000000       .debug$S                   0000000180000000     MSVCRT:MSVCR110.dll
 0000:00000000       .debug$S                   0000000180000000     MSVCRT:MSVCR110.dll
 0000:00000000       .debug$S                   0000000180000000     MSVCRT:MSVCR110.dll
 0000:00000000       .debug$S                   0000000180000000     MSVCRT:MSVCR110.dll
 0000:00000000       .debug$S                   0000000180000000     MSVCRT:MSVCR110.dll
 0000:00000000       .debug$S                   0000000180000000     MSVCRT:MSVCR110.dll
 0000:00000000       .debug$S                   0000000180000000     MSVCRT:MSVCR110.dll
 0000:00000000       .debug$S                   0000000180000000     MSVCRT:MSVCR110.dll
 0000:00000000       .debug$S                   0000000180000000     MSVCRT:MSVCR110.dll
 0000:00000000       .debug$S                   0000000180000000     MSVCRT:MSVCR110.dll
 0000:00000000       .debug$S                   0000000180000000     MSVCRT:MSVCR110.dll
 0000:00000000       .debug$S                   0000000180000000     MSVCRT:MSVCR110.dll
 0000:00000000       .debug$S                   0000000180000000     MSVCRT:MSVCR110.dll
 0000:00000000       .debug$S                   0000000180000000     MSVCRT:MSVCR110.dll
 0000:00000000       .debug$S                   0000000180000000     MSVCRT:MSVCR110.dll
 0000:00000000       .debug$S                   0000000180000000     MSVCRT:MSVCR110.dll
 0000:00000000       .debug$S                   0000000180000000     MSVCRT:MSVCR110.dll
 0000:00000000       .debug$S                   0000000180000000     sf_runtime:sf_runtime.dll
 0000:00000000       .debug$S                   0000000180000000     sf_runtime:sf_runtime.dll
 0000:00000000       .debug$S                   0000000180000000     sf_runtime:sf_runtime.dll
 0000:00000000       .debug$S                   0000000180000000     sf_runtime:sf_runtime.dll
 0000:00000000       .debug$S                   0000000180000000     sf_runtime:sf_runtime.dll
 0000:00000000       .debug$S                   0000000180000000     sf_runtime:sf_runtime.dll
 0000:00000000       .debug$S                   0000000180000000     sf_runtime:sf_runtime.dll
 0000:00000000       .debug$S                   0000000180000000     sf_runtime:sf_runtime.dll
 0000:00000000       .debug$S                   0000000180000000     sf_runtime:sf_runtime.dll
 0000:00000000       .debug$S                   0000000180000000     sf_runtime:sf_runtime.dll
 0000:00000000       .debug$S                   0000000180000000     sf_runtime:sf_runtime.dll
 0000:00000000       .debug$S                   0000000180000000     libut:libut.dll
 0000:00000000       .debug$S                   0000000180000000     libut:libut.dll
 0000:00000000       .debug$S                   0000000180000000     libmex:libmex.dll
 0000:00000000       .debug$S                   0000000180000000     libmex:libmex.dll
 0000:00000000       .debug$S                   0000000180000000     libmex:libmex.dll
 0000:00000000       .debug$S                   0000000180000000     libmex:libmex.dll
 0000:00000000       .debug$S                   0000000180000000     libmex:libmex.dll
 0000:00000000       .debug$S                   0000000180000000     libmex:libmex.dll
 0000:00000000       .debug$S                   0000000180000000     libmex:libmex.dll
 0000:00000000       .debug$S                   0000000180000000     libmx:libmx.dll
 0000:00000000       .debug$S                   0000000180000000     libmx:libmx.dll
 0000:00000000       .debug$S                   0000000180000000     libmx:libmx.dll
 0000:00000000       .debug$S                   0000000180000000     libmx:libmx.dll
 0000:00000000       .debug$S                   0000000180000000     libmx:libmx.dll
 0000:00000000       .debug$S                   0000000180000000     libmx:libmx.dll
 0000:00000000       .debug$S                   0000000180000000     libmx:libmx.dll
 0000:00000000       .debug$S                   0000000180000000     libmx:libmx.dll
 0000:00000000       .debug$S                   0000000180000000     libmx:libmx.dll
 0000:00000000       .debug$S                   0000000180000000     libmx:libmx.dll
 0000:00000000       .debug$S                   0000000180000000     libmx:libmx.dll
 0000:00000000       .debug$S                   0000000180000000     libmx:libmx.dll
 0000:00000000       .debug$S                   0000000180000000     libmx:libmx.dll
 0000:00000000       .debug$S                   0000000180000000     libmx:libmx.dll
 0000:00000000       .debug$S                   0000000180000000     libmx:libmx.dll
 0000:00000000       .debug$S                   0000000180000000     libmx:libmx.dll
 0000:00000000       .debug$S                   0000000180000000     libmx:libmx.dll
 0000:00000000       .debug$S                   0000000180000000     libmx:libmx.dll
 0000:00000000       .debug$S                   0000000180000000     sf_runtime:sf_runtime.dll
 0000:00000000       .debug$S                   0000000180000000     sf_runtime:sf_runtime.dll
 0000:00000000       .debug$S                   0000000180000000     sf_runtime:sf_runtime.dll
 0000:00000000       .debug$S                   0000000180000000     sf_runtime:sf_runtime.dll
 0000:00000000       .debug$S                   0000000180000000     sf_runtime:sf_runtime.dll
 0000:00000000       .debug$S                   0000000180000000     sf_runtime:sf_runtime.dll
 0000:00000000       .debug$S                   0000000180000000     sf_runtime:sf_runtime.dll
 0000:00000000       .debug$S                   0000000180000000     sf_runtime:sf_runtime.dll
 0000:00000000       .debug$S                   0000000180000000     sf_runtime:sf_runtime.dll
 0000:00000000       .debug$S                   0000000180000000     sf_runtime:sf_runtime.dll
 0000:00000000       .debug$S                   0000000180000000     sf_runtime:sf_runtime.dll
 0000:00000000       .debug$S                   0000000180000000     sf_runtime:sf_runtime.dll
 0000:00000000       .debug$S                   0000000180000000     sf_runtime:sf_runtime.dll
 0000:00000000       .debug$S                   0000000180000000     sf_runtime:sf_runtime.dll
 0000:00000000       .debug$S                   0000000180000000     sf_runtime:sf_runtime.dll
 0000:00000000       .debug$S                   0000000180000000     sf_runtime:sf_runtime.dll
 0000:00000000       .debug$S                   0000000180000000     sf_runtime:sf_runtime.dll
 0000:00000000       .debug$S                   0000000180000000     sf_runtime:sf_runtime.dll
 0000:00000000       .debug$S                   0000000180000000     sf_runtime:sf_runtime.dll
 0000:00000000       .debug$S                   0000000180000000     sf_runtime:sf_runtime.dll
 0000:00000000       .debug$S                   0000000180000000     sf_runtime:sf_runtime.dll
 0000:00000000       .debug$S                   0000000180000000     sf_runtime:sf_runtime.dll
 0000:00000000       .debug$S                   0000000180000000     sf_runtime:sf_runtime.dll
 0000:00000000       .debug$S                   0000000180000000     sf_runtime:sf_runtime.dll
 0000:00000000       .debug$S                   0000000180000000     sf_runtime:sf_runtime.dll
 0000:00000000       .debug$S                   0000000180000000     sf_runtime:sf_runtime.dll
 0000:00000000       .debug$S                   0000000180000000     sf_runtime:sf_runtime.dll
 0000:00000000       .debug$S                   0000000180000000     sf_runtime:sf_runtime.dll
 0000:00000000       .debug$S                   0000000180000000     sf_runtime:sf_runtime.dll
 0000:00000000       .debug$S                   0000000180000000     sf_runtime:sf_runtime.dll
 0000:00000000       .debug$S                   0000000180000000     sf_runtime:sf_runtime.dll
 0000:00000000       .debug$S                   0000000180000000     sf_runtime:sf_runtime.dll
 0000:00000000       .debug$S                   0000000180000000     sf_runtime:sf_runtime.dll
 0000:00000000       .debug$S                   0000000180000000     sf_runtime:sf_runtime.dll
 0000:00000000       .debug$S                   0000000180000000     sf_runtime:sf_runtime.dll
 0000:00000000       .debug$S                   0000000180000000     sf_runtime:sf_runtime.dll
 0000:00000000       .debug$S                   0000000180000000     sf_runtime:sf_runtime.dll
 0000:00000000       .debug$S                   0000000180000000     sf_runtime:sf_runtime.dll
 0000:00000000       .debug$S                   0000000180000000     sf_runtime:sf_runtime.dll
 0000:00000000       .debug$S                   0000000180000000     sf_runtime:sf_runtime.dll
 0000:00000000       .debug$S                   0000000180000000     sf_runtime:sf_runtime.dll
 0000:00000000       .debug$S                   0000000180000000     sf_runtime:sf_runtime.dll
 0000:00000000       .debug$S                   0000000180000000     sf_runtime:sf_runtime.dll
 0000:00000000       .debug$S                   0000000180000000     sf_runtime:sf_runtime.dll
 0000:00000000       .debug$S                   0000000180000000     sf_runtime:sf_runtime.dll
 0000:00000000       .debug$S                   0000000180000000     sf_runtime:sf_runtime.dll
 0000:00000000       .debug$S                   0000000180000000     sf_runtime:sf_runtime.dll
 0000:00000000       .debug$S                   0000000180000000     sf_runtime:sf_runtime.dll
 0001:000011f0       initialize_c1_simulink_SetTargetPioneerVelocity 00000001800021f0 f   c1_simulink_SetTargetPioneerVelocity.obj
 0001:00001240       initialize_params_c1_simulink_SetTargetPioneerVelocity 0000000180002240 f   c1_simulink_SetTargetPioneerVelocity.obj
 0001:00001250       enable_c1_simulink_SetTargetPioneerVelocity 0000000180002250 f   c1_simulink_SetTargetPioneerVelocity.obj
 0001:00001280       disable_c1_simulink_SetTargetPioneerVelocity 0000000180002280 f   c1_simulink_SetTargetPioneerVelocity.obj
 0001:000012b0       c1_update_debugger_state_c1_simulink_SetTargetPioneerVelocity 00000001800022b0 f   c1_simulink_SetTargetPioneerVelocity.obj
 0001:000012c0       get_sim_state_c1_simulink_SetTargetPioneerVelocity 00000001800022c0 f   c1_simulink_SetTargetPioneerVelocity.obj
 0001:00001590       set_sim_state_c1_simulink_SetTargetPioneerVelocity 0000000180002590 f   c1_simulink_SetTargetPioneerVelocity.obj
 0001:00001780       finalize_c1_simulink_SetTargetPioneerVelocity 0000000180002780 f   c1_simulink_SetTargetPioneerVelocity.obj
 0001:00001790       sf_gateway_c1_simulink_SetTargetPioneerVelocity 0000000180002790 f   c1_simulink_SetTargetPioneerVelocity.obj
 0001:00002250       initSimStructsc1_simulink_SetTargetPioneerVelocity 0000000180003250 f   c1_simulink_SetTargetPioneerVelocity.obj
 0001:00002260       init_script_number_translation 0000000180003260 f   c1_simulink_SetTargetPioneerVelocity.obj
 0001:00002280       c1_sf_marshallOut          0000000180003280 f   c1_simulink_SetTargetPioneerVelocity.obj
 0001:000023d0       c1_sf_marshallIn           00000001800033d0 f   c1_simulink_SetTargetPioneerVelocity.obj
 0001:000024d0       c1_b_sf_marshallOut        00000001800034d0 f   c1_simulink_SetTargetPioneerVelocity.obj
 0001:00002620       c1_b_sf_marshallIn         0000000180003620 f   c1_simulink_SetTargetPioneerVelocity.obj
 0001:00002720       c1_c_sf_marshallOut        0000000180003720 f   c1_simulink_SetTargetPioneerVelocity.obj
 0001:000027d0       c1_emlrt_marshallIn        00000001800037d0 f   c1_simulink_SetTargetPioneerVelocity.obj
 0001:00002860       c1_c_sf_marshallIn         0000000180003860 f   c1_simulink_SetTargetPioneerVelocity.obj
 0001:00002900       c1_d_sf_marshallOut        0000000180003900 f   c1_simulink_SetTargetPioneerVelocity.obj
 0001:000029a0       c1_b_emlrt_marshallIn      00000001800039a0 f   c1_simulink_SetTargetPioneerVelocity.obj
 0001:00002a10       c1_c_emlrt_marshallIn      0000000180003a10 f   c1_simulink_SetTargetPioneerVelocity.obj
 0001:00002b00       c1_d_emlrt_marshallIn      0000000180003b00 f   c1_simulink_SetTargetPioneerVelocity.obj
 0001:00002b70       c1_e_emlrt_marshallIn      0000000180003b70 f   c1_simulink_SetTargetPioneerVelocity.obj
 0001:00002c60       c1_g_emlrt_marshallIn      0000000180003c60 f   c1_simulink_SetTargetPioneerVelocity.obj
 0001:00002cc0       c1_h_emlrt_marshallIn      0000000180003cc0 f   c1_simulink_SetTargetPioneerVelocity.obj
 0001:00002d50       init_dsm_address_info      0000000180003d50 f   c1_simulink_SetTargetPioneerVelocity.obj
 0001:000031a0       sf_get_sim_state_info_c1_simulink_SetTargetPioneerVelocity 00000001800041a0 f   c1_simulink_SetTargetPioneerVelocity.obj
 0001:00003270       chart_debug_initialization 0000000180004270 f   c1_simulink_SetTargetPioneerVelocity.obj
 0001:00003a10       sf_get_instance_specialization 0000000180004a10 f   c1_simulink_SetTargetPioneerVelocity.obj
 0001:00003a20       sf_opaque_initialize_c1_simulink_SetTargetPioneerVelocity 0000000180004a20 f   c1_simulink_SetTargetPioneerVelocity.obj
 0001:00003a60       sf_opaque_enable_c1_simulink_SetTargetPioneerVelocity 0000000180004a60 f   c1_simulink_SetTargetPioneerVelocity.obj
 0001:00003a80       sf_opaque_disable_c1_simulink_SetTargetPioneerVelocity 0000000180004a80 f   c1_simulink_SetTargetPioneerVelocity.obj
 0001:00003aa0       sf_opaque_gateway_c1_simulink_SetTargetPioneerVelocity 0000000180004aa0 f   c1_simulink_SetTargetPioneerVelocity.obj
 0001:00003d80       sf_opaque_get_sim_state_c1_simulink_SetTargetPioneerVelocity 0000000180004d80 f   c1_simulink_SetTargetPioneerVelocity.obj
 0001:00003da0       sf_opaque_set_sim_state_c1_simulink_SetTargetPioneerVelocity 0000000180004da0 f   c1_simulink_SetTargetPioneerVelocity.obj
 0001:00003dd0       sf_opaque_terminate_c1_simulink_SetTargetPioneerVelocity 0000000180004dd0 f   c1_simulink_SetTargetPioneerVelocity.obj
 0001:00003e70       sf_opaque_init_subchart_simstructs 0000000180004e70 f   c1_simulink_SetTargetPioneerVelocity.obj
 0001:00003e90       mdlProcessParameters_c1_simulink_SetTargetPioneerVelocity 0000000180004e90 f   c1_simulink_SetTargetPioneerVelocity.obj
 0001:00003f70       mdlSetWorkWidths_c1_simulink_SetTargetPioneerVelocity 0000000180004f70 f   c1_simulink_SetTargetPioneerVelocity.obj
 0001:000043c0       mdlRTW_c1_simulink_SetTargetPioneerVelocity 00000001800053c0 f   c1_simulink_SetTargetPioneerVelocity.obj
 0001:00004400       mdlStart_c1_simulink_SetTargetPioneerVelocity 0000000180005400 f   c1_simulink_SetTargetPioneerVelocity.obj
 0001:000047f0       initialize_c2_simulink_SetTargetPioneerVelocity 00000001800057f0 f   c2_simulink_SetTargetPioneerVelocity.obj
 0001:00004840       initialize_params_c2_simulink_SetTargetPioneerVelocity 0000000180005840 f   c2_simulink_SetTargetPioneerVelocity.obj
 0001:00004850       enable_c2_simulink_SetTargetPioneerVelocity 0000000180005850 f   c2_simulink_SetTargetPioneerVelocity.obj
 0001:00004880       disable_c2_simulink_SetTargetPioneerVelocity 0000000180005880 f   c2_simulink_SetTargetPioneerVelocity.obj
 0001:000048b0       c2_update_debugger_state_c2_simulink_SetTargetPioneerVelocity 00000001800058b0 f   c2_simulink_SetTargetPioneerVelocity.obj
 0001:000048c0       get_sim_state_c2_simulink_SetTargetPioneerVelocity 00000001800058c0 f   c2_simulink_SetTargetPioneerVelocity.obj
 0001:000049b0       set_sim_state_c2_simulink_SetTargetPioneerVelocity 00000001800059b0 f   c2_simulink_SetTargetPioneerVelocity.obj
 0001:00004a40       finalize_c2_simulink_SetTargetPioneerVelocity 0000000180005a40 f   c2_simulink_SetTargetPioneerVelocity.obj
 0001:00004a50       sf_gateway_c2_simulink_SetTargetPioneerVelocity 0000000180005a50 f   c2_simulink_SetTargetPioneerVelocity.obj
 0001:000051d0       initSimStructsc2_simulink_SetTargetPioneerVelocity 00000001800061d0 f   c2_simulink_SetTargetPioneerVelocity.obj
 0001:000051e0       init_script_number_translation 00000001800061e0 f   c2_simulink_SetTargetPioneerVelocity.obj
 0001:00005200       c2_sf_marshallOut          0000000180006200 f   c2_simulink_SetTargetPioneerVelocity.obj
 0001:000052b0       c2_emlrt_marshallIn        00000001800062b0 f   c2_simulink_SetTargetPioneerVelocity.obj
 0001:00005340       c2_sf_marshallIn           0000000180006340 f   c2_simulink_SetTargetPioneerVelocity.obj
 0001:000053e0       c2_c_emlrt_marshallIn      00000001800063e0 f   c2_simulink_SetTargetPioneerVelocity.obj
 0001:00005440       c2_d_emlrt_marshallIn      0000000180006440 f   c2_simulink_SetTargetPioneerVelocity.obj
 0001:000054d0       init_dsm_address_info      00000001800064d0 f   c2_simulink_SetTargetPioneerVelocity.obj
 0001:00005920       sf_get_sim_state_info_c2_simulink_SetTargetPioneerVelocity 0000000180006920 f   c2_simulink_SetTargetPioneerVelocity.obj
 0001:000059f0       chart_debug_initialization 00000001800069f0 f   c2_simulink_SetTargetPioneerVelocity.obj
 0001:00006130       sf_get_instance_specialization 0000000180007130 f   c2_simulink_SetTargetPioneerVelocity.obj
 0001:00006140       sf_opaque_initialize_c2_simulink_SetTargetPioneerVelocity 0000000180007140 f   c2_simulink_SetTargetPioneerVelocity.obj
 0001:00006180       sf_opaque_enable_c2_simulink_SetTargetPioneerVelocity 0000000180007180 f   c2_simulink_SetTargetPioneerVelocity.obj
 0001:000061a0       sf_opaque_disable_c2_simulink_SetTargetPioneerVelocity 00000001800071a0 f   c2_simulink_SetTargetPioneerVelocity.obj
 0001:000061c0       sf_opaque_gateway_c2_simulink_SetTargetPioneerVelocity 00000001800071c0 f   c2_simulink_SetTargetPioneerVelocity.obj
 0001:000064a0       sf_opaque_get_sim_state_c2_simulink_SetTargetPioneerVelocity 00000001800074a0 f   c2_simulink_SetTargetPioneerVelocity.obj
 0001:000064c0       sf_opaque_set_sim_state_c2_simulink_SetTargetPioneerVelocity 00000001800074c0 f   c2_simulink_SetTargetPioneerVelocity.obj
 0001:000064f0       sf_opaque_terminate_c2_simulink_SetTargetPioneerVelocity 00000001800074f0 f   c2_simulink_SetTargetPioneerVelocity.obj
 0001:00006590       sf_opaque_init_subchart_simstructs 0000000180007590 f   c2_simulink_SetTargetPioneerVelocity.obj
 0001:000065b0       mdlProcessParameters_c2_simulink_SetTargetPioneerVelocity 00000001800075b0 f   c2_simulink_SetTargetPioneerVelocity.obj
 0001:00006690       mdlSetWorkWidths_c2_simulink_SetTargetPioneerVelocity 0000000180007690 f   c2_simulink_SetTargetPioneerVelocity.obj
 0001:00006bb0       mdlRTW_c2_simulink_SetTargetPioneerVelocity 0000000180007bb0 f   c2_simulink_SetTargetPioneerVelocity.obj
 0001:00006bf0       mdlStart_c2_simulink_SetTargetPioneerVelocity 0000000180007bf0 f   c2_simulink_SetTargetPioneerVelocity.obj
 0001:00007f04       $LN107                     0000000180008f04     simulink_SetTargetPioneerVelocity_sfun_registry.obj
 0001:00009234       $LN17                      000000018000a234     simulink_SetTargetPioneerVelocity_sfun_registry.obj
 0001:000097bc       $LN26                      000000018000a7bc     simulink_SetTargetPioneerVelocity_sfun_registry.obj
 0001:00009ea4       $LN23                      000000018000aea4     simulink_SetTargetPioneerVelocity_sfun_registry.obj
 0001:0000a480       $LN26                      000000018000b480     simulink_SetTargetPioneerVelocity_sfun_registry.obj
 0001:0000bdb0       sf_debug_api_wrapper       000000018000cdb0 f   simulink_SetTargetPioneerVelocity_sfun_registry.obj
 0001:0000be00       ProcessMexSfunctionCmdLineCall 000000018000ce00 f   simulink_SetTargetPioneerVelocity_sfun_registry.obj
 0001:0000c0c0       getChartInfoFromSimStruct  000000018000d0c0 f   simulink_SetTargetPioneerVelocity_sfun_registry.obj
 0001:0000c180       mdlSetWorkWidths           000000018000d180 f   simulink_SetTargetPioneerVelocity_sfun_registry.obj
 0001:0000c1b0       mdlProcessParameters       000000018000d1b0 f   simulink_SetTargetPioneerVelocity_sfun_registry.obj
 0001:0000c1e0       mdl_start_processing       000000018000d1e0 f   simulink_SetTargetPioneerVelocity_sfun_registry.obj
 0001:0000c270       mdl_terminate_processing   000000018000d270 f   simulink_SetTargetPioneerVelocity_sfun_registry.obj
 0001:0000c2f0       mdlStart                   000000018000d2f0 f   simulink_SetTargetPioneerVelocity_sfun_registry.obj
 0001:0000c320       mdlTerminate               000000018000d320 f   simulink_SetTargetPioneerVelocity_sfun_registry.obj
 0001:0000c350       mdlInitializeSizes         000000018000d350 f   simulink_SetTargetPioneerVelocity_sfun_registry.obj
 0001:0000c380       mdlInitializeSampleTimes   000000018000d380 f   simulink_SetTargetPioneerVelocity_sfun_registry.obj
 0001:0000c3b0       mdl_outputs_continuous_legacy 000000018000d3b0 f   simulink_SetTargetPioneerVelocity_sfun_registry.obj
 0001:0000c4b0       mdl_outputs_processing     000000018000d4b0 f   simulink_SetTargetPioneerVelocity_sfun_registry.obj
 0001:0000c5b0       mdl_zeroCrossings_processing 000000018000d5b0 f   simulink_SetTargetPioneerVelocity_sfun_registry.obj
 0001:0000c5f0       mdlZeroCrossings           000000018000d5f0 f   simulink_SetTargetPioneerVelocity_sfun_registry.obj
 0001:0000c620       mdl_derivatives_processing 000000018000d620 f   simulink_SetTargetPioneerVelocity_sfun_registry.obj
 0001:0000c670       mdlDerivatives             000000018000d670 f   simulink_SetTargetPioneerVelocity_sfun_registry.obj
 0001:0000c6a0       mdl_initialize_conditions_processing 000000018000d6a0 f   simulink_SetTargetPioneerVelocity_sfun_registry.obj
 0001:0000c6f0       mdlInitializeConditions    000000018000d6f0 f   simulink_SetTargetPioneerVelocity_sfun_registry.obj
 0001:0000c720       mdl_ext_mode_exec_processing 000000018000d720 f   simulink_SetTargetPioneerVelocity_sfun_registry.obj
 0001:0000c760       mdlExtModeExec             000000018000d760 f   simulink_SetTargetPioneerVelocity_sfun_registry.obj
 0001:0000c790       mdlRTW                     000000018000d790 f   simulink_SetTargetPioneerVelocity_sfun_registry.obj
 0001:0000c7d0       mdl_enable_processing      000000018000d7d0 f   simulink_SetTargetPioneerVelocity_sfun_registry.obj
 0001:0000c810       mdlEnable                  000000018000d810 f   simulink_SetTargetPioneerVelocity_sfun_registry.obj
 0001:0000c840       mdl_disable_processing     000000018000d840 f   simulink_SetTargetPioneerVelocity_sfun_registry.obj
 0001:0000c880       mdlDisable                 000000018000d880 f   simulink_SetTargetPioneerVelocity_sfun_registry.obj
 0001:0000c8b0       mdlOutputs                 000000018000d8b0 f   simulink_SetTargetPioneerVelocity_sfun_registry.obj
 0001:0000ca80       mdlGetTimeOfNextVarHit     000000018000da80 f   simulink_SetTargetPioneerVelocity_sfun_registry.obj
 0001:0000cad0       _RegNumInputPortsCB        000000018000dad0 f   simulink_SetTargetPioneerVelocity_sfun_registry.obj
 0001:0000cb50       _RegNumOutputPortsCB       000000018000db50 f   simulink_SetTargetPioneerVelocity_sfun_registry.obj
 0001:0000cbd0       _CreateSimStruct           000000018000dbd0 f   simulink_SetTargetPioneerVelocity_sfun_registry.obj
 0001:0000cd60       _ssFatalError              000000018000dd60 f   simulink_SetTargetPioneerVelocity_sfun_registry.obj
 0001:0000ce10       _ProcessMexSfunctionCmdLineCall 000000018000de10 f   simulink_SetTargetPioneerVelocity_sfun_registry.obj
 0001:0000dac0       $$000000                   000000018000eac0     MSVCRT:amdsecgs.obj
 0001:0000db00       $$000000                   000000018000eb00     MSVCRT:chkstk.obj
 0001:0000db84       pre_c_init                 000000018000eb84 f   MSVCRT:crtdll.obj
 0001:0000de7c       __DllMainCRTStartup        000000018000ee7c f   MSVCRT:crtdll.obj
 0001:0000e390       __DllMainCRTStartup$filt$0 000000018000f390 f   MSVCRT:crtdll.obj
 0001:0000e3b5       __DllMainCRTStartup$fin$1  000000018000f3b5 f   MSVCRT:crtdll.obj
 0001:0000e3d0       _IsNonwritableInCurrentImage$filt$0 000000018000f3d0 f   MSVCRT:pesect.obj
 0001:0000e3f0       _onexit$fin$0              000000018000f3f0 f   MSVCRT:atonexit.obj
 0002:00000408       pcinit                     0000000180010408     MSVCRT:crtdll.obj
 0002:00000410       pinit                      0000000180010410     MSVCRT:atonexit.obj
 0002:00000ab0       GS_ExceptionPointers       0000000180010ab0     MSVCRT:gs_report.obj
 0002:00000b80       $unwind$load_simulink_SetTargetPioneerVelocity_optimization_info 0000000180010b80     simulink_SetTargetPioneerVelocity_sfun.obj
 0002:00000b88       $unwind$unload_simulink_SetTargetPioneerVelocity_optimization_info 0000000180010b88     simulink_SetTargetPioneerVelocity_sfun.obj
 0002:00000b90       $unwind$sf_simulink_SetTargetPioneerVelocity_method_dispatcher 0000000180010b90     simulink_SetTargetPioneerVelocity_sfun.obj
 0002:00000b98       $unwind$sf_simulink_SetTargetPioneerVelocity_process_check_sum_call 0000000180010b98     simulink_SetTargetPioneerVelocity_sfun.obj
 0002:00000ba8       $unwind$sf_simulink_SetTargetPioneerVelocity_autoinheritance_info 0000000180010ba8     simulink_SetTargetPioneerVelocity_sfun.obj
 0002:00000bb8       $unwind$sf_simulink_SetTargetPioneerVelocity_get_eml_resolved_functions_info 0000000180010bb8     simulink_SetTargetPioneerVelocity_sfun.obj
 0002:00000bc8       $unwind$sf_simulink_SetTargetPioneerVelocity_third_party_uses_info 0000000180010bc8     simulink_SetTargetPioneerVelocity_sfun.obj
 0002:00000bd8       $unwind$sf_simulink_SetTargetPioneerVelocity_updateBuildInfo_args_info 0000000180010bd8     simulink_SetTargetPioneerVelocity_sfun.obj
 0002:00000be8       $unwind$simulink_SetTargetPioneerVelocity_debug_initialize 0000000180010be8     simulink_SetTargetPioneerVelocity_sfun.obj
 0002:00000bf0       $unwind$sf_c1_simulink_SetTargetPioneerVelocity_get_eml_resolved_functions_info 0000000180010bf0     c1_simulink_SetTargetPioneerVelocity.obj
 0002:00000bf8       $unwind$sf_c1_simulink_SetTargetPioneerVelocity_get_check_sum 0000000180010bf8     c1_simulink_SetTargetPioneerVelocity.obj
 0002:00000c00       $unwind$c1_simulink_SetTargetPioneerVelocity_method_dispatcher 0000000180010c00     c1_simulink_SetTargetPioneerVelocity.obj
 0002:00000c08       $unwind$initialize_c1_simulink_SetTargetPioneerVelocity 0000000180010c08     c1_simulink_SetTargetPioneerVelocity.obj
 0002:00000c10       $unwind$enable_c1_simulink_SetTargetPioneerVelocity 0000000180010c10     c1_simulink_SetTargetPioneerVelocity.obj
 0002:00000c18       $unwind$disable_c1_simulink_SetTargetPioneerVelocity 0000000180010c18     c1_simulink_SetTargetPioneerVelocity.obj
 0002:00000c20       $unwind$get_sim_state_c1_simulink_SetTargetPioneerVelocity 0000000180010c20     c1_simulink_SetTargetPioneerVelocity.obj
 0002:00000c30       $unwind$set_sim_state_c1_simulink_SetTargetPioneerVelocity 0000000180010c30     c1_simulink_SetTargetPioneerVelocity.obj
 0002:00000c40       $unwind$sf_gateway_c1_simulink_SetTargetPioneerVelocity 0000000180010c40     c1_simulink_SetTargetPioneerVelocity.obj
 0002:00000c50       $unwind$c1_sf_marshallOut  0000000180010c50     c1_simulink_SetTargetPioneerVelocity.obj
 0002:00000c60       $unwind$c1_sf_marshallIn   0000000180010c60     c1_simulink_SetTargetPioneerVelocity.obj
 0002:00000c70       $unwind$c1_b_sf_marshallOut 0000000180010c70     c1_simulink_SetTargetPioneerVelocity.obj
 0002:00000c80       $unwind$c1_b_sf_marshallIn 0000000180010c80     c1_simulink_SetTargetPioneerVelocity.obj
 0002:00000c90       $unwind$c1_c_sf_marshallOut 0000000180010c90     c1_simulink_SetTargetPioneerVelocity.obj
 0002:00000c98       $unwind$c1_emlrt_marshallIn 0000000180010c98     c1_simulink_SetTargetPioneerVelocity.obj
 0002:00000ca0       $unwind$c1_c_sf_marshallIn 0000000180010ca0     c1_simulink_SetTargetPioneerVelocity.obj
 0002:00000ca8       $unwind$c1_d_sf_marshallOut 0000000180010ca8     c1_simulink_SetTargetPioneerVelocity.obj
 0002:00000cb0       $unwind$c1_b_emlrt_marshallIn 0000000180010cb0     c1_simulink_SetTargetPioneerVelocity.obj
 0002:00000cb8       $unwind$c1_c_emlrt_marshallIn 0000000180010cb8     c1_simulink_SetTargetPioneerVelocity.obj
 0002:00000cc8       $unwind$c1_d_emlrt_marshallIn 0000000180010cc8     c1_simulink_SetTargetPioneerVelocity.obj
 0002:00000cd0       $unwind$c1_e_emlrt_marshallIn 0000000180010cd0     c1_simulink_SetTargetPioneerVelocity.obj
 0002:00000ce0       $unwind$c1_g_emlrt_marshallIn 0000000180010ce0     c1_simulink_SetTargetPioneerVelocity.obj
 0002:00000ce8       $unwind$c1_h_emlrt_marshallIn 0000000180010ce8     c1_simulink_SetTargetPioneerVelocity.obj
 0002:00000cf0       $unwind$sf_c1_simulink_SetTargetPioneerVelocity_get_autoinheritance_info 0000000180010cf0     c1_simulink_SetTargetPioneerVelocity.obj
 0002:00000cf8       $unwind$sf_c1_simulink_SetTargetPioneerVelocity_third_party_uses_info 0000000180010cf8     c1_simulink_SetTargetPioneerVelocity.obj
 0002:00000d00       $unwind$sf_c1_simulink_SetTargetPioneerVelocity_updateBuildInfo_args_info 0000000180010d00     c1_simulink_SetTargetPioneerVelocity.obj
 0002:00000d08       $unwind$sf_get_sim_state_info_c1_simulink_SetTargetPioneerVelocity 0000000180010d08     c1_simulink_SetTargetPioneerVelocity.obj
 0002:00000d10       $unwind$chart_debug_initialization 0000000180010d10     c1_simulink_SetTargetPioneerVelocity.obj
 0002:00000d18       $unwind$sf_opaque_initialize_c1_simulink_SetTargetPioneerVelocity 0000000180010d18     c1_simulink_SetTargetPioneerVelocity.obj
 0002:00000d20       $unwind$sf_opaque_enable_c1_simulink_SetTargetPioneerVelocity 0000000180010d20     c1_simulink_SetTargetPioneerVelocity.obj
 0002:00000d28       $unwind$sf_opaque_disable_c1_simulink_SetTargetPioneerVelocity 0000000180010d28     c1_simulink_SetTargetPioneerVelocity.obj
 0002:00000d30       $unwind$sf_opaque_gateway_c1_simulink_SetTargetPioneerVelocity 0000000180010d30     c1_simulink_SetTargetPioneerVelocity.obj
 0002:00000d38       $unwind$sf_internal_get_sim_state_c1_simulink_SetTargetPioneerVelocity 0000000180010d38     c1_simulink_SetTargetPioneerVelocity.obj
 0002:00000d40       $unwind$sf_internal_set_sim_state_c1_simulink_SetTargetPioneerVelocity 0000000180010d40     c1_simulink_SetTargetPioneerVelocity.obj
 0002:00000d48       $unwind$sf_opaque_get_sim_state_c1_simulink_SetTargetPioneerVelocity 0000000180010d48     c1_simulink_SetTargetPioneerVelocity.obj
 0002:00000d50       $unwind$sf_opaque_set_sim_state_c1_simulink_SetTargetPioneerVelocity 0000000180010d50     c1_simulink_SetTargetPioneerVelocity.obj
 0002:00000d58       $unwind$sf_opaque_terminate_c1_simulink_SetTargetPioneerVelocity 0000000180010d58     c1_simulink_SetTargetPioneerVelocity.obj
 0002:00000d60       $unwind$sf_opaque_init_subchart_simstructs 0000000180010d60     c1_simulink_SetTargetPioneerVelocity.obj
 0002:00000d68       $unwind$mdlProcessParameters_c1_simulink_SetTargetPioneerVelocity 0000000180010d68     c1_simulink_SetTargetPioneerVelocity.obj
[...]
 0004:000001f8       $pdata$sf_internal_set_sim_state_c1_simulink_SetTargetPioneerVelocity 00000001800161f8     c1_simulink_SetTargetPioneerVelocity.obj
 0004:00000204       $pdata$sf_opaque_get_sim_state_c1_simulink_SetTargetPioneerVelocity 0000000180016204     c1_simulink_SetTargetPioneerVelocity.obj
 0004:00000210       $pdata$sf_opaque_set_sim_state_c1_simulink_SetTargetPioneerVelocity 0000000180016210     c1_simulink_SetTargetPioneerVelocity.obj
 0004:0000021c       $pdata$sf_opaque_terminate_c1_simulink_SetTargetPioneerVelocity 000000018001621c     c1_simulink_SetTargetPioneerVelocity.obj
 0004:00000228       $pdata$sf_opaque_init_subchart_simstructs 0000000180016228     c1_simulink_SetTargetPioneerVelocity.obj
 0004:00000234       $pdata$mdlProcessParameters_c1_simulink_SetTargetPioneerVelocity 0000000180016234     c1_simulink_SetTargetPioneerVelocity.obj
 0004:00000240       $pdata$mdlSetWorkWidths_c1_simulink_SetTargetPioneerVelocity 0000000180016240     c1_simulink_SetTargetPioneerVelocity.obj
 0004:0000024c       $pdata$mdlRTW_c1_simulink_SetTargetPioneerVelocity 000000018001624c     c1_simulink_SetTargetPioneerVelocity.obj
 0004:00000258       $pdata$mdlStart_c1_simulink_SetTargetPioneerVelocity 0000000180016258     c1_simulink_SetTargetPioneerVelocity.obj
 0004:00000264       $pdata$sf_c2_simulink_SetTargetPioneerVelocity_get_eml_resolved_functions_info 0000000180016264     c2_simulink_SetTargetPioneerVelocity.obj
 0004:00000270       $pdata$sf_c2_simulink_SetTargetPioneerVelocity_get_check_sum 0000000180016270     c2_simulink_SetTargetPioneerVelocity.obj
 0004:0000027c       $pdata$c2_simulink_SetTargetPioneerVelocity_method_dispatcher 000000018001627c     c2_simulink_SetTargetPioneerVelocity.obj
 0004:00000288       $pdata$initialize_c2_simulink_SetTargetPioneerVelocity 0000000180016288     c2_simulink_SetTargetPioneerVelocity.obj
 0004:00000294       $pdata$enable_c2_simulink_SetTargetPioneerVelocity 0000000180016294     c2_simulink_SetTargetPioneerVelocity.obj
 0004:000002a0       $pdata$disable_c2_simulink_SetTargetPioneerVelocity 00000001800162a0     c2_simulink_SetTargetPioneerVelocity.obj
 0004:000002ac       $pdata$get_sim_state_c2_simulink_SetTargetPioneerVelocity 00000001800162ac     c2_simulink_SetTargetPioneerVelocity.obj
 0004:000002b8       $pdata$set_sim_state_c2_simulink_SetTargetPioneerVelocity 00000001800162b8     c2_simulink_SetTargetPioneerVelocity.obj
 0004:000002c4       $pdata$sf_gateway_c2_simulink_SetTargetPioneerVelocity 00000001800162c4     c2_simulink_SetTargetPioneerVelocity.obj
 0004:000002d0       $pdata$c2_sf_marshallOut   00000001800162d0     c2_simulink_SetTargetPioneerVelocity.obj
 0004:000002dc       $pdata$c2_emlrt_marshallIn 00000001800162dc     c2_simulink_SetTargetPioneerVelocity.obj
 0004:000002e8       $pdata$c2_sf_marshallIn    00000001800162e8     c2_simulink_SetTargetPioneerVelocity.obj
 0004:000002f4       $pdata$c2_c_emlrt_marshallIn 00000001800162f4     c2_simulink_SetTargetPioneerVelocity.obj
 0004:00000300       $pdata$c2_d_emlrt_marshallIn 0000000180016300     c2_simulink_SetTargetPioneerVelocity.obj
 0004:0000030c       $pdata$sf_c2_simulink_SetTargetPioneerVelocity_get_autoinheritance_info 000000018001630c     c2_simulink_SetTargetPioneerVelocity.obj
 0004:00000318       $pdata$sf_c2_simulink_SetTargetPioneerVelocity_third_party_uses_info 0000000180016318     c2_simulink_SetTargetPioneerVelocity.obj
 0004:00000324       $pdata$sf_c2_simulink_SetTargetPioneerVelocity_updateBuildInfo_args_info 0000000180016324     c2_simulink_SetTargetPioneerVelocity.obj
 0004:00000330       $pdata$sf_get_sim_state_info_c2_simulink_SetTargetPioneerVelocity 0000000180016330     c2_simulink_SetTargetPioneerVelocity.obj
 0004:0000033c       $pdata$chart_debug_initialization 000000018001633c     c2_simulink_SetTargetPioneerVelocity.obj
 0004:00000348       $pdata$sf_opaque_initialize_c2_simulink_SetTargetPioneerVelocity 0000000180016348     c2_simulink_SetTargetPioneerVelocity.obj
 0004:00000354       $pdata$sf_opaque_enable_c2_simulink_SetTargetPioneerVelocity 0000000180016354     c2_simulink_SetTargetPioneerVelocity.obj
 0004:00000360       $pdata$sf_opaque_disable_c2_simulink_SetTargetPioneerVelocity 0000000180016360     c2_simulink_SetTargetPioneerVelocity.obj
 0004:0000036c       $pdata$sf_opaque_gateway_c2_simulink_SetTargetPioneerVelocity 000000018001636c     c2_simulink_SetTargetPioneerVelocity.obj
 0004:00000378       $pdata$sf_internal_get_sim_state_c2_simulink_SetTargetPioneerVelocity 0000000180016378     c2_simulink_SetTargetPioneerVelocity.obj
 0004:00000384       $pdata$sf_internal_set_sim_state_c2_simulink_SetTargetPioneerVelocity 0000000180016384     c2_simulink_SetTargetPioneerVelocity.obj
 0004:00000390       $pdata$sf_opaque_get_sim_state_c2_simulink_SetTargetPioneerVelocity 0000000180016390     c2_simulink_SetTargetPioneerVelocity.obj
 0004:0000039c       $pdata$sf_opaque_set_sim_state_c2_simulink_SetTargetPioneerVelocity 000000018001639c     c2_simulink_SetTargetPioneerVelocity.obj
 0004:000003a8       $pdata$sf_opaque_terminate_c2_simulink_SetTargetPioneerVelocity 00000001800163a8     c2_simulink_SetTargetPioneerVelocity.obj
 0004:000003b4       $pdata$sf_opaque_init_subchart_simstructs 00000001800163b4     c2_simulink_SetTargetPioneerVelocity.obj
 0004:000003c0       $pdata$mdlProcessParameters_c2_simulink_SetTargetPioneerVelocity 00000001800163c0     c2_simulink_SetTargetPioneerVelocity.obj
 0004:000003cc       $pdata$mdlSetWorkWidths_c2_simulink_SetTargetPioneerVelocity 00000001800163cc     c2_simulink_SetTargetPioneerVelocity.obj
 0004:000003d8       $pdata$mdlRTW_c2_simulink_SetTargetPioneerVelocity 00000001800163d8     c2_simulink_SetTargetPioneerVelocity.obj
 0004:000003e4       $pdata$mdlStart_c2_simulink_SetTargetPioneerVelocity 00000001800163e4     c2_simulink_SetTargetPioneerVelocity.obj
 0004:000003f0       $pdata$mexFunction         00000001800163f0     simulink_SetTargetPioneerVelocity_sfun_registry.obj
 0004:000003fc       $pdata$_ssSetInputPortDirectFeedThroughFcn 00000001800163fc     simulink_SetTargetPioneerVelocity_sfun_registry.obj
 0004:00000408       $pdata$_ssGetInputPortSignalPtrsFcn 0000000180016408     simulink_SetTargetPioneerVelocity_sfun_registry.obj
 0004:00000414       $pdata$_ssGetInputPortSignalFcn 0000000180016414     simulink_SetTargetPioneerVelocity_sfun_registry.obj
 0004:00000420       $pdata$_ssSetInputPortReusableFcn 0000000180016420     simulink_SetTargetPioneerVelocity_sfun_registry.obj
 0004:0000042c       $pdata$_ssSetOutputPortReusableFcn 000000018001642c     simulink_SetTargetPioneerVelocity_sfun_registry.obj
 0004:00000438       $pdata$ssGetIsZeroCrossControlDisabled 0000000180016438     simulink_SetTargetPioneerVelocity_sfun_registry.obj
 0004:00000444       $pdata$ssSetIsInputPortUsedForContZcSignal 0000000180016444     simulink_SetTargetPioneerVelocity_sfun_registry.obj
 0004:00000450       $pdata$ssSetZcSignalIsZcElementDisc 0000000180016450     simulink_SetTargetPioneerVelocity_sfun_registry.obj
 0004:0000045c       $pdata$ssSetZcSignalName   000000018001645c     simulink_SetTargetPioneerVelocity_sfun_registry.obj
 0004:00000468       $pdata$ssSetZcSignalWidth  0000000180016468     simulink_SetTargetPioneerVelocity_sfun_registry.obj
 0004:00000474       $pdata$ssSetZcSignalZcEventType 0000000180016474     simulink_SetTargetPioneerVelocity_sfun_registry.obj
 0004:00000480       $pdata$ssSetZcSignalType   0000000180016480     simulink_SetTargetPioneerVelocity_sfun_registry.obj
 0004:0000048c       $pdata$ssSetZcSignalZcTol  000000018001648c     simulink_SetTargetPioneerVelocity_sfun_registry.obj
 0004:00000498       $pdata$ssSetZcSignalNeedsEventNotification 0000000180016498     simulink_SetTargetPioneerVelocity_sfun_registry.obj
 0004:000004a4       $pdata$ssCreateAndAddZcSignalInfo 00000001800164a4     simulink_SetTargetPioneerVelocity_sfun_registry.obj
 0004:000004b0       $pdata$ssCloneAndAddZcSignalInfo 00000001800164b0     simulink_SetTargetPioneerVelocity_sfun_registry.obj
 0004:000004bc       $pdata$ssGetNumZcSignals   00000001800164bc     simulink_SetTargetPioneerVelocity_sfun_registry.obj
 0004:000004c8       $pdata$ssGetZcSignalVector 00000001800164c8     simulink_SetTargetPioneerVelocity_sfun_registry.obj
 0004:000004d4       $pdata$ssGetZcSignalName   00000001800164d4     simulink_SetTargetPioneerVelocity_sfun_registry.obj
 0004:000004e0       $pdata$ssGetZcSignalWidth  00000001800164e0     simulink_SetTargetPioneerVelocity_sfun_registry.obj
 0004:000004ec       $pdata$ssGetZcSignalZcEventType 00000001800164ec     simulink_SetTargetPioneerVelocity_sfun_registry.obj
 0004:000004f8       $pdata$ssGetZcSignalZcEvents 00000001800164f8     simulink_SetTargetPioneerVelocity_sfun_registry.obj
 0004:00000504       $pdata$ssGetZcSignalType   0000000180016504     simulink_SetTargetPioneerVelocity_sfun_registry.obj
 0004:00000510       $pdata$ssGetZcSignalZcTol  0000000180016510     simulink_SetTargetPioneerVelocity_sfun_registry.obj
 0004:0000051c       $pdata$ssGetZcSignalNeedsEventNotification 000000018001651c     simulink_SetTargetPioneerVelocity_sfun_registry.obj
 0004:00000528       $pdata$ssGetZcSignalIsZcElementDisc 0000000180016528     simulink_SetTargetPioneerVelocity_sfun_registry.obj
 0004:00000534       $pdata$ssGetIsInputPortElementContinuous 0000000180016534     simulink_SetTargetPioneerVelocity_sfun_registry.obj
 0004:00000540       $pdata$ssGetDTypeIdFromMxArray 0000000180016540     simulink_SetTargetPioneerVelocity_sfun_registry.obj
 0004:0000054c       $pdata$ssWriteRTWStr       000000018001654c     simulink_SetTargetPioneerVelocity_sfun_registry.obj
 0004:00000558       $pdata$ssWriteRTWNameValuePair 0000000180016558     simulink_SetTargetPioneerVelocity_sfun_registry.obj
 0004:00000564       $pdata$ssWriteRTWParamSettings 0000000180016564     simulink_SetTargetPioneerVelocity_sfun_registry.obj
 0004:00000570       $pdata$ssWriteRTWParameters 0000000180016570     simulink_SetTargetPioneerVelocity_sfun_registry.obj
 0004:0000057c       $pdata$ssWriteRTWWorkVect  000000018001657c     simulink_SetTargetPioneerVelocity_sfun_registry.obj
 0004:00000588       $pdata$ssWriteRTWMxVectParam 0000000180016588     simulink_SetTargetPioneerVelocity_sfun_registry.obj
 0004:00000594       $pdata$ssWriteRTWMx2dMatParam 0000000180016594     simulink_SetTargetPioneerVelocity_sfun_registry.obj
 0004:000005a0       $pdata$_ssSetInputPortMatrixDimensions 00000001800165a0     simulink_SetTargetPioneerVelocity_sfun_registry.obj
 0004:000005ac       $pdata$_ssSetOutputPortMatrixDimensions 00000001800165ac     simulink_SetTargetPioneerVelocity_sfun_registry.obj
 0004:000005b8       $pdata$_ssSetInputPortVectorDimension 00000001800165b8     simulink_SetTargetPioneerVelocity_sfun_registry.obj
 0004:000005c4       $pdata$_ssSetOutputPortVectorDimension 00000001800165c4     simulink_SetTargetPioneerVelocity_sfun_registry.obj
 0004:000005d0       $pdata$ssIsRunTimeParamTunable 00000001800165d0     simulink_SetTargetPioneerVelocity_sfun_registry.obj
 0004:000005dc       $pdata$ssGetSFuncBlockHandle 00000001800165dc     simulink_SetTargetPioneerVelocity_sfun_registry.obj
 0004:000005e8       $pdata$_ssGetCurrentInputPortWidth 00000001800165e8     simulink_SetTargetPioneerVelocity_sfun_registry.obj
 0004:000005f4       $pdata$_ssGetCurrentOutputPortWidth 00000001800165f4     simulink_SetTargetPioneerVelocity_sfun_registry.obj
 0004:00000600       $pdata$_ssGetCallSystemNumFcnCallDestinations 0000000180016600     simulink_SetTargetPioneerVelocity_sfun_registry.obj
 0004:0000060c       $pdata$ssWarning           000000018001660c     simulink_SetTargetPioneerVelocity_sfun_registry.obj
 0004:00000618       $pdata$_ssGetAbsTol        0000000180016618     simulink_SetTargetPioneerVelocity_sfun_registry.obj
 0004:00000624       $pdata$sf_process_check_sum_call 0000000180016624     simulink_SetTargetPioneerVelocity_sfun_registry.obj
 0004:00000630       $pdata$sf_process_autoinheritance_call 0000000180016630     simulink_SetTargetPioneerVelocity_sfun_registry.obj
 0004:0000063c       $pdata$sf_process_get_third_party_uses_info_call 000000018001663c     simulink_SetTargetPioneerVelocity_sfun_registry.obj
 0004:00000648       $pdata$sf_process_get_updateBuildInfo_args_info_call 0000000180016648     simulink_SetTargetPioneerVelocity_sfun_registry.obj
 0004:00000654       $pdata$sf_process_get_eml_resolved_functions_info_call 0000000180016654     simulink_SetTargetPioneerVelocity_sfun_registry.obj
 0004:00000660       $pdata$sf_mex_unlock_call  0000000180016660     simulink_SetTargetPioneerVelocity_sfun_registry.obj
 0004:0000066c       $pdata$sf_debug_api_wrapper 000000018001666c     simulink_SetTargetPioneerVelocity_sfun_registry.obj
 0004:00000678       $pdata$ProcessMexSfunctionCmdLineCall 0000000180016678     simulink_SetTargetPioneerVelocity_sfun_registry.obj
 0004:00000684       $pdata$sf_machine_global_initializer_called 0000000180016684     simulink_SetTargetPioneerVelocity_sfun_registry.obj
 0004:00000690       $pdata$sf_machine_global_method_dispatcher 0000000180016690     simulink_SetTargetPioneerVelocity_sfun_registry.obj
 0004:0000069c       $pdata$sf_machine_global_terminator 000000018001669c     simulink_SetTargetPioneerVelocity_sfun_registry.obj
 0004:000006a8       $pdata$sf_register_machine_exported_symbols 00000001800166a8     simulink_SetTargetPioneerVelocity_sfun_registry.obj
 0004:000006b4       $pdata$sf_machine_global_initializer 00000001800166b4     simulink_SetTargetPioneerVelocity_sfun_registry.obj
 0004:000006c0       $pdata$getChartInfoFromSimStruct 00000001800166c0     simulink_SetTargetPioneerVelocity_sfun_registry.obj
 0004:000006cc       $pdata$mdlGetSimState      00000001800166cc     simulink_SetTargetPioneerVelocity_sfun_registry.obj
 0004:000006d8       $pdata$mdlSetSimState      00000001800166d8     simulink_SetTargetPioneerVelocity_sfun_registry.obj
 0004:000006e4       $pdata$mdlSetWorkWidths    00000001800166e4     simulink_SetTargetPioneerVelocity_sfun_registry.obj
 0004:000006f0       $pdata$mdlProcessParameters 00000001800166f0     simulink_SetTargetPioneerVelocity_sfun_registry.obj
 0004:000006fc       $pdata$mdl_start_processing 00000001800166fc     simulink_SetTargetPioneerVelocity_sfun_registry.obj
 0004:00000708       $pdata$mdl_terminate_processing 0000000180016708     simulink_SetTargetPioneerVelocity_sfun_registry.obj
 0004:00000714       $pdata$mdlStart            0000000180016714     simulink_SetTargetPioneerVelocity_sfun_registry.obj
 0004:00000720       $pdata$mdlTerminate        0000000180016720     simulink_SetTargetPioneerVelocity_sfun_registry.obj
 0004:0000072c       $pdata$mdlInitializeSizes  000000018001672c     simulink_SetTargetPioneerVelocity_sfun_registry.obj
 0004:00000738       $pdata$mdlInitializeSampleTimes 0000000180016738     simulink_SetTargetPioneerVelocity_sfun_registry.obj
 0004:00000744       $pdata$mdl_outputs_continuous_legacy 0000000180016744     simulink_SetTargetPioneerVelocity_sfun_registry.obj
 0004:00000750       $pdata$mdl_outputs_processing 0000000180016750     simulink_SetTargetPioneerVelocity_sfun_registry.obj
 0004:0000075c       $pdata$mdl_zeroCrossings_processing 000000018001675c     simulink_SetTargetPioneerVelocity_sfun_registry.obj
 0004:00000768       $pdata$mdlZeroCrossings    0000000180016768     simulink_SetTargetPioneerVelocity_sfun_registry.obj
 0004:00000774       $pdata$mdl_derivatives_processing 0000000180016774     simulink_SetTargetPioneerVelocity_sfun_registry.obj
 0004:00000780       $pdata$mdlDerivatives      0000000180016780     simulink_SetTargetPioneerVelocity_sfun_registry.obj
 0004:0000078c       $pdata$mdl_initialize_conditions_processing 000000018001678c     simulink_SetTargetPioneerVelocity_sfun_registry.obj
 0004:00000798       $pdata$mdlInitializeConditions 0000000180016798     simulink_SetTargetPioneerVelocity_sfun_registry.obj
 0004:000007a4       $pdata$mdl_ext_mode_exec_processing 00000001800167a4     simulink_SetTargetPioneerVelocity_sfun_registry.obj
 0004:000007b0       $pdata$mdlExtModeExec      00000001800167b0     simulink_SetTargetPioneerVelocity_sfun_registry.obj
 0004:000007bc       $pdata$mdlRTW              00000001800167bc     simulink_SetTargetPioneerVelocity_sfun_registry.obj
 0004:000007c8       $pdata$mdl_enable_processing 00000001800167c8     simulink_SetTargetPioneerVelocity_sfun_registry.obj
 0004:000007d4       $pdata$mdlEnable           00000001800167d4     simulink_SetTargetPioneerVelocity_sfun_registry.obj
 0004:000007e0       $pdata$mdl_disable_processing 00000001800167e0     simulink_SetTargetPioneerVelocity_sfun_registry.obj
 0004:000007ec       $pdata$mdlDisable          00000001800167ec     simulink_SetTargetPioneerVelocity_sfun_registry.obj
 0004:000007f8       $pdata$mdlOutputs          00000001800167f8     simulink_SetTargetPioneerVelocity_sfun_registry.obj
 0004:00000804       $pdata$ProcessMexSfunctionEveryCall 0000000180016804     simulink_SetTargetPioneerVelocity_sfun_registry.obj
 0004:00000810       $pdata$_RegNumInputPortsCB 0000000180016810     simulink_SetTargetPioneerVelocity_sfun_registry.obj
 0004:0000081c       $pdata$_RegNumOutputPortsCB 000000018001681c     simulink_SetTargetPioneerVelocity_sfun_registry.obj
 0004:00000828       $pdata$_CreateSimStruct    0000000180016828     simulink_SetTargetPioneerVelocity_sfun_registry.obj
 0004:00000834       $pdata$_ssFatalError       0000000180016834     simulink_SetTargetPioneerVelocity_sfun_registry.obj
 0004:00000840       $pdata$_ProcessMexSfunctionCmdLineCall 0000000180016840     simulink_SetTargetPioneerVelocity_sfun_registry.obj
 0004:0000084c       $pdata$__raise_securityfailure 000000018001684c     MSVCRT:gs_report.obj
 0004:00000858       $pdata$__report_gsfailure  0000000180016858     MSVCRT:gs_report.obj
 0004:00000864       $pdata$__report_rangecheckfailure 0000000180016864     MSVCRT:gs_report.obj
 0004:00000870       $pdata$__report_securityfailure 0000000180016870     MSVCRT:gs_report.obj
 0004:0000087c       $pdata$__report_securityfailureEx 000000018001687c     MSVCRT:gs_report.obj
 0004:00000888       $pdata$__GSHandlerCheck    0000000180016888     MSVCRT:gshandler.obj
 0004:00000894       $pdata$__GSHandlerCheckCommon 0000000180016894     MSVCRT:gshandler.obj
 0004:000008b8       $pdata$pre_c_init          00000001800168b8     MSVCRT:crtdll.obj
 0004:000008c4       $pdata$_CRT_INIT           00000001800168c4     MSVCRT:crtdll.obj
 0004:000008d0       $pdata$_DllMainCRTStartup  00000001800168d0     MSVCRT:crtdll.obj
 0004:000008dc       $pdata$__DllMainCRTStartup 00000001800168dc     MSVCRT:crtdll.obj
 0004:000008e8       $pdata$_IsNonwritableInCurrentImage 00000001800168e8     MSVCRT:pesect.obj
 0004:000008f4       $pdata$__atonexitinit      00000001800168f4     MSVCRT:atonexit.obj
 0004:00000900       $pdata$_onexit             0000000180016900     MSVCRT:atonexit.obj
 0004:0000090c       $pdata$atexit              000000018001690c     MSVCRT:atonexit.obj
 0004:00000918       $pdata$__security_init_cookie 0000000180016918     MSVCRT:gs_support.obj
 0004:00000924       $pdata$DllMain             0000000180016924     MSVCRT:dllmain.obj
 0004:00000930       $pdata$_RTC_Initialize     0000000180016930     MSVCRT:initsect.obj
 0004:0000093c       $pdata$_RTC_Terminate      000000018001693c     MSVCRT:initsect.obj
 0004:00000948       $pdata$__DllMainCRTStartup$filt$0 0000000180016948     MSVCRT:crtdll.obj
 0004:00000954       $pdata$__DllMainCRTStartup$fin$1 0000000180016954     MSVCRT:crtdll.obj
 0004:00000960       $pdata$_IsNonwritableInCurrentImage$filt$0 0000000180016960     MSVCRT:pesect.obj
 0004:0000096c       $pdata$_onexit$fin$0       000000018001696c     MSVCRT:atonexit.obj
